Microchip MPLAB XC8 Compiler V1.38 ()

Linker command line:

-W-3 --edf=E:\xCB\dat\en_msgs.txt -cs \
  -h+dist/default/debug\game_machine.X.debug.sym \
  --cmf=dist/default/debug\game_machine.X.debug.cmf -z -Q16F1786 \
  -oC:\Users\ASUS\AppData\Local\Temp\skp0.2 \
  -Mdist/default/debug/game_machine.X.debug.map -E1 -ver=XC8 \
  -ASTACK=02180h-0226fh -pstack=STACK -ACODE=00h-07FFhx4 \
  -ASTRCODE=00h-01FFFh -ASTRING=00h-0FFhx32 -ACONST=00h-0FFhx32 \
  -AENTRY=00h-0FFhx32 -ACOMMON=070h-07Fh -ABANK0=020h-06Fh \
  -ABANK1=0A0h-0EFh -ABANK2=0120h-016Fh -ABANK3=01A0h-01EFh \
  -ABANK4=0220h-026Fh -ABANK5=02A0h-02EFh -ABANK6=0320h-036Fh \
  -ABANK7=03A0h-03EFh -ABANK8=0420h-046Fh -ABANK9=04A0h-04EFh \
  -ABANK10=0520h-056Fh -ABANK11=05A0h-05EFh -ABANK12=0620h-064Fh \
  -ABIGRAM=02000h-023EFh \
  -ARAM=020h-06Fh,0A0h-0EFh,0120h-016Fh,01A0h-01EFh,0220h-026Fh,02A0h-02EFh,0320h-036Fh,03A0h-03EFh,0420h-046Fh,04A0h-04EFh,0520h-056Fh,05A0h-05EFh,0620h-064Fh \
  -AABS1=020h-07Fh,0A0h-0EFh,0120h-016Fh,01A0h-01EFh,0220h-026Fh,02A0h-02EFh,0320h-036Fh,03A0h-03EFh,0420h-046Fh,04A0h-04EFh,0520h-056Fh,05A0h-05EFh,0620h-064Fh \
  -ASFR0=00h-01Fh -ASFR1=080h-09Fh -ASFR2=0100h-011Fh -ASFR3=0180h-019Fh \
  -ASFR4=0200h-021Fh -ASFR5=0280h-029Fh -ASFR6=0300h-031Fh \
  -ASFR7=0380h-039Fh -ASFR8=0400h-041Fh -ASFR9=0480h-049Fh \
  -ASFR10=0500h-051Fh -ASFR11=0580h-059Fh -ASFR12=0600h-061Fh \
  -ASFR13=0680h-06EFh -ASFR14=0700h-076Fh -ASFR15=0780h-07EFh \
  -ASFR16=0800h-086Fh -ASFR17=0880h-08EFh -ASFR18=0900h-096Fh \
  -ASFR19=0980h-09EFh -ASFR20=0A00h-0A6Fh -ASFR21=0A80h-0AEFh \
  -ASFR22=0B00h-0B6Fh -ASFR23=0B80h-0BEFh -ASFR24=0C00h-0C6Fh \
  -ASFR25=0C80h-0CEFh -ASFR26=0D00h-0D6Fh -ASFR27=0D80h-0DEFh \
  -ASFR28=0E00h-0E6Fh -ASFR29=0E80h-0EEFh -ASFR30=0F00h-0F6Fh \
  -ASFR31=0F80h-0FEFh -preset_vec=00h,intentry=04h,init,end_init \
  -ppowerup=CODE -pcinit=CODE -pfunctab=CODE -ACONFIG=08007h-08008h \
  -pconfig=CONFIG -DCONFIG=2 -AIDLOC=08000h-08003h -pidloc=IDLOC -DIDLOC=2 \
  -AEEDATA=00h-0FFh/0F000h -peeprom_data=EEDATA -DEEDATA=2 -DCODE=2 \
  -DSTRCODE=2 -DSTRING=2 -DCONST=2 -DENTRY=2 -k \
  C:\Users\ASUS\AppData\Local\Temp\skp0.obj \
  dist/default/debug\game_machine.X.debug.obj 

Object code version is 3.11

Machine type is 16F1786



                Name                               Link     Load   Length Selector   Space Scale
C:\Users\ASUS\AppData\Local\Temp\skp0.obj
                end_init                             22       22        2        8       0
                reset_vec                             0        0        3        0       0
                config                             8007     8007        2    1000E       0
dist/default/debug\game_machine.X.debug.obj
                cinit                                24       24       62        8       0
                intentry                              4        4       1E        8       0
                text46                             1FD9     1FD9       27     3FB2       0
                text45                             1EB6     1EB6       1B     3D6C       0
                text44                             1F25     1F25       22     3E4A       0
                text43                             1F8F     1F8F       25     3F1E       0
                text41                             1EEC     1EEC       1C     3DD8       0
                text40                             1FB4     1FB4       25     3F68       0
                text39                             1E5E     1E5E        F     3CBC       0
                text38                             13F8     13F8       6F     27F0       0
                text37                             1E6D     1E6D        F     3CDA       0
                text36                             12ED     12ED       56     25DA       0
                text35                             1E8C     1E8C       12     3D18       0
                text34                              9CA      9CA      107     1394       0
                text33                             129B     129B       52     2536       0
                text32                             1171     1171       46     22E2       0
                text31                             11B7     11B7       49     236E       0
                text30                             1E50     1E50        E     3CA0       0
                text29                             102C     102C       2C     2058       0
                text28                             112C     112C       45     2258       0
                text27                             1343     1343       58     2686       0
                text26                             167C     167C       A0     2CF8       0
                text25                              652      652      18E        8       0
                text24                             139B     139B       5D     2736       0
                text23                             1ED1     1ED1       1B     3DA2       0
                text22                             1E9E     1E9E       18     3D3C       0
                text21                             1F47     1F47       24     3E8E       0
                text20                             1F6B     1F6B       24     3ED6       0
                text19                              384      384      2CE        8       0
                text18                              AD1      AD1      115     15A2       0
                text17                             1467     1467       78     28CE       0
                text16                             1058     1058       32     20B0       0
                text15                              7E0      7E0       20        8       0
                text14                             15EE     15EE       8E     2BDC       0
                text13                              807      807       C3     100E       0
                text12                             108A     108A       34     2114       0
                text11                             10BE     10BE       34     217C       0
                text10                              BE6      BE6      132     17CC       0
                text9                               D18      D18      168     1A30       0
                text8                              171C     171C       E4     2E38       0
                text7                                86       86      2FE        8       0
                text6                              1561     1561       8D     2AC2       0
                text5                              1F08     1F08       1D     3E10       0
                text4                              124C     124C       4F     2498       0
                text3                              14DF     14DF       82     29BE       0
                text2                               8CA      8CA      100     1194       0
                text1                              1001     1001       2B     2002       0
                maintext                           1E7C     1E7C       10     3CF8       0
                cstackBANK0                          20       20       44       20       1
                cstackCOMMON                         70       70        E       70       1
                cstackBANK1                          EB       EB        4       A0       1
                clrtext                            1E38     1E38        C     3C70       0
                inittext                           1E44     1E44        C     3C88       0
                bssBANK4                            220      220       40      220       1
                dataBANK3                           1A0      1A0       3A      1A0       1
                bssBANK3                            1DA      1DA        8      1A0       1
                dataBANK2                           120      120       4C      120       1
                dataBANK1                            E5       E5        6       A0       1
                bssBANK1                             A0       A0       45       A0       1
                bssBANK0                             64       64        8       20       1
                stringtext                         1800     1800       CF     3000       0
                idataBIGRAM                         E80      E80      180     1D00       0
                idataBANK3                         10F2     10F2       3A     21E4       0
                idataBANK2                         1200     1200       4C     2400       0
                idataBANK1                          801      801        6     1002       0

TOTAL           Name                               Link     Load   Length     Space
        CLASS   STACK          

        CLASS   CODE           
                end_init                             22       22        2         0
                cinit                                24       24       62         0
                intentry                              4        4       1E         0
                reset_vec                             0        0        3         0
                text46                             1FD9     1FD9       27         0
                text45                             1EB6     1EB6       1B         0
                text44                             1F25     1F25       22         0
                text43                             1F8F     1F8F       25         0
                text41                             1EEC     1EEC       1C         0
                text40                             1FB4     1FB4       25         0
                text39                             1E5E     1E5E        F         0
                text38                             13F8     13F8       6F         0
                text37                             1E6D     1E6D        F         0
                text36                             12ED     12ED       56         0
                text35                             1E8C     1E8C       12         0
                text34                              9CA      9CA      107         0
                text33                             129B     129B       52         0
                text32                             1171     1171       46         0
                text31                             11B7     11B7       49         0
                text30                             1E50     1E50        E         0
                text29                             102C     102C       2C         0
                text28                             112C     112C       45         0
                text27                             1343     1343       58         0
                text26                             167C     167C       A0         0
                text25                              652      652      18E         0
                text24                             139B     139B       5D         0
                text23                             1ED1     1ED1       1B         0
                text22                             1E9E     1E9E       18         0
                text21                             1F47     1F47       24         0
                text20                             1F6B     1F6B       24         0
                text19                              384      384      2CE         0
                text18                              AD1      AD1      115         0
                text17                             1467     1467       78         0
                text16                             1058     1058       32         0
                text15                              7E0      7E0       20         0
                text14                             15EE     15EE       8E         0
                text13                              807      807       C3         0
                text12                             108A     108A       34         0
                text11                             10BE     10BE       34         0
                text10                              BE6      BE6      132         0
                text9                               D18      D18      168         0
                text8                              171C     171C       E4         0
                text7                                86       86      2FE         0
                text6                              1561     1561       8D         0
                text5                              1F08     1F08       1D         0
                text4                              124C     124C       4F         0
                text3                              14DF     14DF       82         0
                text2                               8CA      8CA      100         0
                text1                              1001     1001       2B         0
                maintext                           1E7C     1E7C       10         0
                clrtext                            1E38     1E38        C         0
                inittext                           1E44     1E44        C         0
                idataBIGRAM                         E80      E80      180         0
                idataBANK3                         10F2     10F2       3A         0
                idataBANK2                         1200     1200       4C         0
                idataBANK1                          801      801        6         0

        CLASS   STRCODE        
                stringtext                         1800     1800       CF         0

        CLASS   STRING         

        CLASS   CONST          

        CLASS   ENTRY          

        CLASS   COMMON         
                cstackCOMMON                         70       70        E         1

        CLASS   BANK0          
                cstackBANK0                          20       20       44         1
                bssBANK0                             64       64        8         1

        CLASS   BANK1          
                cstackBANK1                          EB       EB        4         1
                dataBANK1                            E5       E5        6         1
                bssBANK1                             A0       A0       45         1

        CLASS   BANK2          
                dataBANK2                           120      120       4C         1

        CLASS   BANK3          
                dataBANK3                           1A0      1A0       3A         1
                bssBANK3                            1DA      1DA        8         1

        CLASS   BANK4          
                bssBANK4                            220      220       40         1

        CLASS   BANK5          

        CLASS   BANK6          

        CLASS   BANK7          

        CLASS   BANK8          

        CLASS   BANK9          

        CLASS   BANK10         

        CLASS   BANK11         

        CLASS   BANK12         

        CLASS   BIGRAM         

        CLASS   RAM            

        CLASS   ABS1           
                abs_s1                               7E       7E        2         1
                abs_s1                              3E0      3E0       10         1
                abs_s1                              420      420       50         1
                abs_s1                              4A0      4A0       50         1
                abs_s1                              520      520       50         1
                abs_s1                              5A0      5A0       50         1
                abs_s1                              620      620       30         1
                abs_s1                             2270     2270        0         1

        CLASS   SFR0           

        CLASS   SFR1           

        CLASS   SFR2           

        CLASS   SFR3           

        CLASS   SFR4           

        CLASS   SFR5           

        CLASS   SFR6           

        CLASS   SFR7           

        CLASS   SFR8           

        CLASS   SFR9           

        CLASS   SFR10          

        CLASS   SFR11          

        CLASS   SFR12          

        CLASS   SFR13          

        CLASS   SFR14          

        CLASS   SFR15          

        CLASS   SFR16          

        CLASS   SFR17          

        CLASS   SFR18          

        CLASS   SFR19          

        CLASS   SFR20          

        CLASS   SFR21          

        CLASS   SFR22          

        CLASS   SFR23          

        CLASS   SFR24          

        CLASS   SFR25          

        CLASS   SFR26          

        CLASS   SFR27          

        CLASS   SFR28          

        CLASS   SFR29          

        CLASS   SFR30          

        CLASS   SFR31          

        CLASS   CONFIG         
                config                             8007     8007        2         0

        CLASS   IDLOC          

        CLASS   EEDATA         

        CLASS   BANK31         

        CLASS   BANK30         

        CLASS   BANK29         

        CLASS   BANK28         

        CLASS   BANK27         

        CLASS   BANK26         

        CLASS   BANK25         

        CLASS   BANK24         

        CLASS   BANK23         

        CLASS   BANK22         

        CLASS   BANK21         

        CLASS   BANK20         

        CLASS   BANK19         

        CLASS   BANK18         

        CLASS   BANK17         

        CLASS   BANK16         

        CLASS   BANK15         

        CLASS   BANK14         

        CLASS   BANK13         



SEGMENTS        Name                           Load    Length   Top    Selector   Space  Class     Delta

                reset_vec                      000000  000003  000003         0       0  CODE        2
                intentry                       000004  0007FC  000800         8       0  CODE        2
                cstackBANK0                    000020  00004C  00006C        20       1  BANK0       1
                cstackCOMMON                   000070  00000E  00007E        70       1  COMMON      1
                bssBANK1                       0000A0  00004F  0000EF        A0       1  BANK1       1
                dataBANK2                      000120  00004C  00016C       120       1  BANK2       1
                dataBANK3                      0001A0  000042  0001E2       1A0       1  BANK3       1
                bssBANK4                       000220  000040  000260       220       1  BANK4       1
                idataBANK1                     000801  000006  000807      1002       0  CODE        2
                text13                         000807  0000C3  0008CA      100E       0  CODE        2
                text2                          0008CA  000100  0009CA      1194       0  CODE        2
                text34                         0009CA  000107  000AD1      1394       0  CODE        2
                text18                         000AD1  000115  000BE6      15A2       0  CODE        2
                text10                         000BE6  000132  000D18      17CC       0  CODE        2
                text9                          000D18  000168  000E80      1A30       0  CODE        2
                idataBIGRAM                    000E80  000180  001000      1D00       0  CODE        2
                text1                          001001  00002B  00102C      2002       0  CODE        2
                text29                         00102C  00002C  001058      2058       0  CODE        2
                text16                         001058  000032  00108A      20B0       0  CODE        2
                text12                         00108A  000034  0010BE      2114       0  CODE        2
                text11                         0010BE  000034  0010F2      217C       0  CODE        2
                idataBANK3                     0010F2  00003A  00112C      21E4       0  CODE        2
                text28                         00112C  000045  001171      2258       0  CODE        2
                text32                         001171  000046  0011B7      22E2       0  CODE        2
                text31                         0011B7  000049  001200      236E       0  CODE        2
                idataBANK2                     001200  00004C  00124C      2400       0  CODE        2
                text4                          00124C  00004F  00129B      2498       0  CODE        2
                text33                         00129B  000052  0012ED      2536       0  CODE        2
                text36                         0012ED  000056  001343      25DA       0  CODE        2
                text27                         001343  000058  00139B      2686       0  CODE        2
                text24                         00139B  00005D  0013F8      2736       0  CODE        2
                text38                         0013F8  00006F  001467      27F0       0  CODE        2
                text17                         001467  000078  0014DF      28CE       0  CODE        2
                text3                          0014DF  000082  001561      29BE       0  CODE        2
                text6                          001561  00008D  0015EE      2AC2       0  CODE        2
                text14                         0015EE  00008E  00167C      2BDC       0  CODE        2
                text26                         00167C  0000A0  00171C      2CF8       0  CODE        2
                text8                          00171C  0000E4  001800      2E38       0  CODE        2
                stringtext                     001800  0000CF  0018CF      3000       0  STRCODE     2
                clrtext                        001E38  00000C  001E44      3C70       0  CODE        2
                inittext                       001E44  00000C  001E50      3C88       0  CODE        2
                text30                         001E50  00000E  001E5E      3CA0       0  CODE        2
                text39                         001E5E  00000F  001E6D      3CBC       0  CODE        2
                text37                         001E6D  00000F  001E7C      3CDA       0  CODE        2
                maintext                       001E7C  000010  001E8C      3CF8       0  CODE        2
                text35                         001E8C  000012  001E9E      3D18       0  CODE        2
                text22                         001E9E  000018  001EB6      3D3C       0  CODE        2
                text45                         001EB6  00001B  001ED1      3D6C       0  CODE        2
                text23                         001ED1  00001B  001EEC      3DA2       0  CODE        2
                text41                         001EEC  00001C  001F08      3DD8       0  CODE        2
                text5                          001F08  00001D  001F25      3E10       0  CODE        2
                text44                         001F25  000022  001F47      3E4A       0  CODE        2
                text21                         001F47  000024  001F6B      3E8E       0  CODE        2
                text20                         001F6B  000024  001F8F      3ED6       0  CODE        2
                text43                         001F8F  000025  001FB4      3F1E       0  CODE        2
                text40                         001FB4  000025  001FD9      3F68       0  CODE        2
                text46                         001FD9  000027  002000      3FB2       0  CODE        2
                config                         008007  000002  008009     1000E       0  CONFIG      2


UNUSED ADDRESS RANGES

        Name                Unused          Largest block    Delta
        BANK0            0006C-0006F               4           1
        BANK1            000EF-000EF               1           1
        BANK2            0016C-0016F               4           1
        BANK3            001E2-001EF               E           1
        BANK4            00260-0026F              10           1
        BANK5            002A0-002EF              50           1
        BANK6            00320-0036F              50           1
        BANK7            003A0-003DF              40           1
        BIGRAM           02000-023EF             3F0           1
        CODE             00003-00003               1           2
                         00800-00800               1
                         01000-01000               1
                         018CF-01E37             569
        CONST            00003-00003               1           2
                         00800-00800               1
                         01000-01000               1
                         018CF-01E37             100
        EEDATA           0F000-0F0FF             100           2
        ENTRY            00003-00003               1           2
                         00800-00800               1
                         01000-01000               1
                         018CF-01E37             100
        IDLOC            08000-08003               4           2
        RAM              0006C-0006F               4           1
                         000EF-000EF               1
                         0016C-0016F               4
                         001E2-001EF               E
                         00260-0026F              10
                         002A0-002EF              50
                         00320-0036F              50
                         003A0-003DF              40
        SFR0             00000-0001F              20           1
        SFR1             00080-0009F              20           1
        SFR10            00500-0051F              20           1
        SFR11            00580-0059F              20           1
        SFR12            00600-0061F              20           1
        SFR13            00680-006EF              70           1
        SFR14            00700-0076F              70           1
        SFR15            00780-007EF              70           1
        SFR16            00800-0086F              70           1
        SFR17            00880-008EF              70           1
        SFR18            00900-0096F              70           1
        SFR19            00980-009EF              70           1
        SFR2             00100-0011F              20           1
        SFR20            00A00-00A6F              70           1
        SFR21            00A80-00AEF              70           1
        SFR22            00B00-00B6F              70           1
        SFR23            00B80-00BEF              70           1
        SFR24            00C00-00C6F              70           1
        SFR25            00C80-00CEF              70           1
        SFR26            00D00-00D6F              70           1
        SFR27            00D80-00DEF              70           1
        SFR28            00E00-00E6F              70           1
        SFR29            00E80-00EEF              70           1
        SFR3             00180-0019F              20           1
        SFR30            00F00-00F6F              70           1
        SFR31            00F80-00FEF              70           1
        SFR4             00200-0021F              20           1
        SFR5             00280-0029F              20           1
        SFR6             00300-0031F              20           1
        SFR7             00380-0039F              20           1
        SFR8             00400-0041F              20           1
        SFR9             00480-0049F              20           1
        STACK            02180-0226F              F0           1
        STRCODE          00003-00003               1           2
                         00800-00800               1
                         01000-01000               1
                         018CF-01E37             569
        STRING           00003-00003               1           2
                         00800-00800               1
                         01000-01000               1
                         018CF-01E37             100

                                  Symbol Table

?___awdiv                     cstackBANK0  00023
?___awmod                     cstackBANK0  00023
?___wmul                      cstackBANK0  00023
?_check_Pos                   cstackBANK0  00023
?i1___wmul                    cstackCOMMON 00070
Clear_Screen@i                cstackBANK0  00036
Clear_Screen@j                cstackBANK0  00035
Clear_Screen@value            cstackBANK0  00032
Display_Chars@F6414           dataBANK1    000E5
Display_Chars@addresses       cstackBANK0  00037
Display_Chars@i               cstackBANK0  0003B
Display_Chars@string          cstackBANK0  00032
Display_Chars@x               cstackBANK0  0003D
Display_Chars@y               cstackBANK0  00034
Write_Com@com                 cstackBANK0  00030
Write_Data@dat                cstackBANK0  00030
_ANSELA                       (abs)        0018C
_ANSELB                       (abs)        0018D
_Clear_Screen                 text24       0139B
_Display_Chars                text36       012ED
_INTCONbits                   (abs)        0000B
_ISR                          intentry     00004
_LATA                         (abs)        0010C
_LATC                         (abs)        0010E
_OPTION_REGbits               (abs)        00095
_OSCCON                       (abs)        00099
_PIE1                         (abs)        00091
_PIR1                         (abs)        00011
_PORTA                        (abs)        0000C
_PORTC                        (abs)        0000E
_PR2                          (abs)        0001B
_RB0                          (abs)        00068
_RB1                          (abs)        00069
_RB2                          (abs)        0006A
_RB3                          (abs)        0006B
_RB5                          (abs)        0006D
_RC0                          (abs)        00070
_RC1                          (abs)        00071
_RC2                          (abs)        00072
_RC3                          (abs)        00073
_RC4                          (abs)        00074
_RC5                          (abs)        00075
_T2CONbits                    (abs)        0001C
_TMR2                         (abs)        0001A
_TMR2IF                       (abs)        00089
_TRISA                        (abs)        0008C
_TRISB                        (abs)        0008D
_TRISBbits                    (abs)        0008D
_TRISC                        (abs)        0008E
_WPUBbits                     (abs)        0020D
_WPUC                         (abs)        0020E
_Write_Com                    text39       01E5E
_Write_Data                   text37       01E6D
__CFG_BOREN$ON                (abs)        00000
__CFG_BORV$LO                 (abs)        00000
__CFG_CLKOUTEN$OFF            (abs)        00000
__CFG_CP$OFF                  (abs)        00000
__CFG_FCMEN$ON                (abs)        00000
__CFG_FOSC$INTOSC             (abs)        00000
__CFG_IESO$ON                 (abs)        00000
__CFG_LPBOR$OFF               (abs)        00000
__CFG_LVP$ON                  (abs)        00000
__CFG_MCLRE$ON                (abs)        00000
__CFG_PLLEN$ON                (abs)        00000
__CFG_PWRTE$OFF               (abs)        00000
__CFG_STVREN$ON               (abs)        00000
__CFG_WDTE$OFF                (abs)        00000
__CFG_WRT$OFF                 (abs)        00000
__Habs1                       abs1         00000
__Hbank0                      bank0        00000
__Hbank1                      bank1        00000
__Hbank10                     bank10       00000
__Hbank11                     bank11       00000
__Hbank12                     bank12       00000
__Hbank13                     bank13       00000
__Hbank14                     bank14       00000
__Hbank15                     bank15       00000
__Hbank16                     bank16       00000
__Hbank17                     bank17       00000
__Hbank18                     bank18       00000
__Hbank19                     bank19       00000
__Hbank2                      bank2        00000
__Hbank20                     bank20       00000
__Hbank21                     bank21       00000
__Hbank22                     bank22       00000
__Hbank23                     bank23       00000
__Hbank24                     bank24       00000
__Hbank25                     bank25       00000
__Hbank26                     bank26       00000
__Hbank27                     bank27       00000
__Hbank28                     bank28       00000
__Hbank29                     bank29       00000
__Hbank3                      bank3        00000
__Hbank30                     bank30       00000
__Hbank31                     bank31       00000
__Hbank4                      bank4        00000
__Hbank5                      bank5        00000
__Hbank6                      bank6        00000
__Hbank7                      bank7        00000
__Hbank8                      bank8        00000
__Hbank9                      bank9        00000
__Hbigram                     bigram       00000
__HbssBANK0                   bssBANK0     00000
__HbssBANK1                   bssBANK1     00000
__HbssBANK3                   bssBANK3     00000
__HbssBANK4                   bssBANK4     00000
__Hcinit                      cinit        00086
__Hclrtext                    clrtext      00000
__Hcode                       code         00000
__Hcommon                     common       00000
__Hconfig                     config       08009
__HcstackBANK0                cstackBANK0  00000
__HcstackBANK1                cstackBANK1  00000
__HcstackCOMMON               cstackCOMMON 00000
__HdataBANK1                  dataBANK1    00000
__HdataBANK2                  dataBANK2    00000
__HdataBANK3                  dataBANK3    00000
__Heeprom_data                eeprom_data  00000
__Hend_init                   end_init     00024
__Hfunctab                    functab      00000
__HidataBANK1                 idataBANK1   00000
__HidataBANK2                 idataBANK2   00000
__HidataBANK3                 idataBANK3   00000
__HidataBIGRAM                idataBIGRAM  00000
__Hidloc                      idloc        00000
__Hinit                       init         00022
__Hinittext                   inittext     00000
__Hintentry                   intentry     00022
__Hmaintext                   maintext     00000
__Hpowerup                    powerup      00000
__Hram                        ram          00000
__Hreset_vec                  reset_vec    00003
__Hsfr0                       sfr0         00000
__Hsfr1                       sfr1         00000
__Hsfr10                      sfr10        00000
__Hsfr11                      sfr11        00000
__Hsfr12                      sfr12        00000
__Hsfr13                      sfr13        00000
__Hsfr14                      sfr14        00000
__Hsfr15                      sfr15        00000
__Hsfr16                      sfr16        00000
__Hsfr17                      sfr17        00000
__Hsfr18                      sfr18        00000
__Hsfr19                      sfr19        00000
__Hsfr2                       sfr2         00000
__Hsfr20                      sfr20        00000
__Hsfr21                      sfr21        00000
__Hsfr22                      sfr22        00000
__Hsfr23                      sfr23        00000
__Hsfr24                      sfr24        00000
__Hsfr25                      sfr25        00000
__Hsfr26                      sfr26        00000
__Hsfr27                      sfr27        00000
__Hsfr28                      sfr28        00000
__Hsfr29                      sfr29        00000
__Hsfr3                       sfr3         00000
__Hsfr30                      sfr30        00000
__Hsfr31                      sfr31        00000
__Hsfr4                       sfr4         00000
__Hsfr5                       sfr5         00000
__Hsfr6                       sfr6         00000
__Hsfr7                       sfr7         00000
__Hsfr8                       sfr8         00000
__Hsfr9                       sfr9         00000
__Hspace_0                    (abs)        08009
__Hspace_1                    (abs)        00260
__Hspace_2                    (abs)        00000
__Hspace_3                    (abs)        00000
__Hstack                      stack        00000
__Hstrings                    strings      00000
__Hstringtext                 stringtext   00000
__Htext                       text         00000
__Labs1                       abs1         00000
__Lbank0                      bank0        00000
__Lbank1                      bank1        00000
__Lbank10                     bank10       00000
__Lbank11                     bank11       00000
__Lbank12                     bank12       00000
__Lbank13                     bank13       00000
__Lbank14                     bank14       00000
__Lbank15                     bank15       00000
__Lbank16                     bank16       00000
__Lbank17                     bank17       00000
__Lbank18                     bank18       00000
__Lbank19                     bank19       00000
__Lbank2                      bank2        00000
__Lbank20                     bank20       00000
__Lbank21                     bank21       00000
__Lbank22                     bank22       00000
__Lbank23                     bank23       00000
__Lbank24                     bank24       00000
__Lbank25                     bank25       00000
__Lbank26                     bank26       00000
__Lbank27                     bank27       00000
__Lbank28                     bank28       00000
__Lbank29                     bank29       00000
__Lbank3                      bank3        00000
__Lbank30                     bank30       00000
__Lbank31                     bank31       00000
__Lbank4                      bank4        00000
__Lbank5                      bank5        00000
__Lbank6                      bank6        00000
__Lbank7                      bank7        00000
__Lbank8                      bank8        00000
__Lbank9                      bank9        00000
__Lbigram                     bigram       00000
__LbssBANK0                   bssBANK0     00000
__LbssBANK1                   bssBANK1     00000
__LbssBANK3                   bssBANK3     00000
__LbssBANK4                   bssBANK4     00000
__Lcinit                      cinit        00024
__Lclrtext                    clrtext      00000
__Lcode                       code         00000
__Lcommon                     common       00000
__Lconfig                     config       08007
__LcstackBANK0                cstackBANK0  00000
__LcstackBANK1                cstackBANK1  00000
__LcstackCOMMON               cstackCOMMON 00000
__LdataBANK1                  dataBANK1    00000
__LdataBANK2                  dataBANK2    00000
__LdataBANK3                  dataBANK3    00000
__Leeprom_data                eeprom_data  00000
__Lend_init                   end_init     00022
__Lfunctab                    functab      00000
__LidataBANK1                 idataBANK1   00000
__LidataBANK2                 idataBANK2   00000
__LidataBANK3                 idataBANK3   00000
__LidataBIGRAM                idataBIGRAM  00000
__Lidloc                      idloc        00000
__Linit                       init         00022
__Linittext                   inittext     00000
__Lintentry                   intentry     00004
__Lmaintext                   maintext     00000
__Lpowerup                    powerup      00000
__Lram                        ram          00000
__Lreset_vec                  reset_vec    00000
__Lsfr0                       sfr0         00000
__Lsfr1                       sfr1         00000
__Lsfr10                      sfr10        00000
__Lsfr11                      sfr11        00000
__Lsfr12                      sfr12        00000
__Lsfr13                      sfr13        00000
__Lsfr14                      sfr14        00000
__Lsfr15                      sfr15        00000
__Lsfr16                      sfr16        00000
__Lsfr17                      sfr17        00000
__Lsfr18                      sfr18        00000
__Lsfr19                      sfr19        00000
__Lsfr2                       sfr2         00000
__Lsfr20                      sfr20        00000
__Lsfr21                      sfr21        00000
__Lsfr22                      sfr22        00000
__Lsfr23                      sfr23        00000
__Lsfr24                      sfr24        00000
__Lsfr25                      sfr25        00000
__Lsfr26                      sfr26        00000
__Lsfr27                      sfr27        00000
__Lsfr28                      sfr28        00000
__Lsfr29                      sfr29        00000
__Lsfr3                       sfr3         00000
__Lsfr30                      sfr30        00000
__Lsfr31                      sfr31        00000
__Lsfr4                       sfr4         00000
__Lsfr5                       sfr5         00000
__Lsfr6                       sfr6         00000
__Lsfr7                       sfr7         00000
__Lsfr8                       sfr8         00000
__Lsfr9                       sfr9         00000
__Lspace_0                    (abs)        00000
__Lspace_1                    (abs)        00000
__Lspace_2                    (abs)        00000
__Lspace_3                    (abs)        00000
__Lstack                      stack        00000
__Lstrings                    strings      00000
__Lstringtext                 stringtext   00000
__Ltext                       text         00000
__S0                          (abs)        08009
__S1                          (abs)        00260
__S2                          (abs)        00000
__S3                          (abs)        00000
___awdiv                      text33       0129B
___awdiv@counter              cstackBANK0  00028
___awdiv@dividend             cstackBANK0  00025
___awdiv@divisor              cstackBANK0  00023
___awdiv@quotient             cstackBANK0  0002A
___awdiv@sign                 cstackBANK0  00029
___awmod                      text32       01171
___awmod@counter              cstackBANK0  00028
___awmod@dividend             cstackBANK0  00025
___awmod@divisor              cstackBANK0  00023
___awmod@sign                 cstackBANK0  00029
___bmul                       text35       01E8C
___bmul@multiplicand          cstackBANK0  00023
___bmul@multiplier            cstackBANK0  00026
___bmul@product               cstackBANK0  00025
___int_sp                     stack        00000
___latbits                    (abs)        00002
___sp                         stack        00000
___wmul                       text41       01EEC
___wmul@multiplicand          cstackBANK0  00025
___wmul@multiplier            cstackBANK0  00023
___wmul@product               cstackBANK0  00027
__end_of_Clear_Screen         text24       013F8
__end_of_Display_Chars        text36       01343
__end_of_ISR                  intentry     00022
__end_of_Write_Com            text39       01E6D
__end_of_Write_Data           text37       01E7C
__end_of___awdiv              text33       012ED
__end_of___awmod              text32       011B7
__end_of___bmul               text35       01E9E
__end_of___wmul               text41       01F08
__end_of__initialization      cinit        00082
__end_of_change_near          text14       0167C
__end_of_check_Pos            text30       01E5E
__end_of_check_if_complete    text16       0108A
__end_of_check_point          text34       00AD1
__end_of_choose               text13       008CA
__end_of_choose_level2        text10       00D18
__end_of_choose_point         text25       007E0
__end_of_delay_100us          text40       01FD9
__end_of_delay_music          text5        01F25
__end_of_draw_heibaiqi_right  text18       00BE6
__end_of_draw_wayout_right    text9        00E80
__end_of_get_X_Addr           text29       01058
__end_of_get_Y_Addr           text28       01171
__end_of_get_key              text43       01FB4
__end_of_heibaiqi             text19       00652
__end_of_if_in_table          text15       00800
__end_of_init_cfg             text38       01467
__end_of_init_environment     text22       01EB6
__end_of_init_heibaiqi        text17       014DF
__end_of_init_wayout          text8        01800
__end_of_int2string           text31       01200
__end_of_judge_result         text21       01F6B
__end_of_little_star          text2        009CA
__end_of_main                 maintext     01E8C
__end_of_memset               text23       01EEC
__end_of_music                text4        0129B
__end_of_music_delay          text3        01561
__end_of_readFromTable        text27       0139B
__end_of_read_key             text46       02000
__end_of_run_game             text6        015EE
__end_of_set_menu             text20       01F8F
__end_of_set_point            text26       0171C
__end_of_start_video          text1        0102C
__end_of_wayout               text7        00384
__end_of_wayout_display1      text12       010BE
__end_of_wayout_display2      text11       010F2
__end_ofi1___wmul             text45       01ED1
__end_ofi1_delay_100us        text44       01F47
__initialization              cinit        00024
__pbssBANK0                   bssBANK0     00064
__pbssBANK1                   bssBANK1     000A0
__pbssBANK3                   bssBANK3     001DA
__pbssBANK4                   bssBANK4     00220
__pcstackBANK0                cstackBANK0  00020
__pcstackBANK1                cstackBANK1  000EB
__pcstackCOMMON               cstackCOMMON 00070
__pdataBANK1                  dataBANK1    000E5
__pdataBANK2                  dataBANK2    00120
__pdataBANK3                  dataBANK3    001A0
__pdataBIGRAM                 (abs)        02270
__pidataBANK1                 idataBANK1   00801
__pidataBANK2                 idataBANK2   01200
__pidataBANK3                 idataBANK3   010F2
__pidataBIGRAM                idataBIGRAM  00E80
__pintentry                   intentry     00004
__pmaintext                   maintext     01E7C
__pstringtext                 stringtext   01800
__ptext1                      text1        01001
__ptext10                     text10       00BE6
__ptext11                     text11       010BE
__ptext12                     text12       0108A
__ptext13                     text13       00807
__ptext14                     text14       015EE
__ptext15                     text15       007E0
__ptext16                     text16       01058
__ptext17                     text17       01467
__ptext18                     text18       00AD1
__ptext19                     text19       00384
__ptext2                      text2        008CA
__ptext20                     text20       01F6B
__ptext21                     text21       01F47
__ptext22                     text22       01E9E
__ptext23                     text23       01ED1
__ptext24                     text24       0139B
__ptext25                     text25       00652
__ptext26                     text26       0167C
__ptext27                     text27       01343
__ptext28                     text28       0112C
__ptext29                     text29       0102C
__ptext3                      text3        014DF
__ptext30                     text30       01E50
__ptext31                     text31       011B7
__ptext32                     text32       01171
__ptext33                     text33       0129B
__ptext34                     text34       009CA
__ptext35                     text35       01E8C
__ptext36                     text36       012ED
__ptext37                     text37       01E6D
__ptext38                     text38       013F8
__ptext39                     text39       01E5E
__ptext4                      text4        0124C
__ptext40                     text40       01FB4
__ptext41                     text41       01EEC
__ptext43                     text43       01F8F
__ptext44                     text44       01F25
__ptext45                     text45       01EB6
__ptext46                     text46       01FD9
__ptext5                      text5        01F08
__ptext6                      text6        01561
__ptext7                      text7        00086
__ptext8                      text8        0171C
__ptext9                      text9        00D18
__size_of_Clear_Screen        (abs)        00000
__size_of_Display_Chars       (abs)        00000
__size_of_ISR                 (abs)        00000
__size_of_Write_Com           (abs)        00000
__size_of_Write_Data          (abs)        00000
__size_of___awdiv             (abs)        00000
__size_of___awmod             (abs)        00000
__size_of___bmul              (abs)        00000
__size_of___wmul              (abs)        00000
__size_of_change_near         (abs)        00000
__size_of_check_Pos           (abs)        00000
__size_of_check_if_complete   (abs)        00000
__size_of_check_point         (abs)        00000
__size_of_choose              (abs)        00000
__size_of_choose_level2       (abs)        00000
__size_of_choose_point        (abs)        00000
__size_of_delay_100us         (abs)        00000
__size_of_delay_music         (abs)        00000
__size_of_draw_heibaiqi_right (abs)        00000
__size_of_draw_wayout_right   (abs)        00000
__size_of_get_X_Addr          (abs)        00000
__size_of_get_Y_Addr          (abs)        00000
__size_of_get_key             (abs)        00000
__size_of_heibaiqi            (abs)        00000
__size_of_if_in_table         (abs)        00000
__size_of_init_cfg            (abs)        00000
__size_of_init_environment    (abs)        00000
__size_of_init_heibaiqi       (abs)        00000
__size_of_init_wayout         (abs)        00000
__size_of_int2string          (abs)        00000
__size_of_judge_result        (abs)        00000
__size_of_little_star         (abs)        00000
__size_of_main                (abs)        00000
__size_of_memset              (abs)        00000
__size_of_music               (abs)        00000
__size_of_music_delay         (abs)        00000
__size_of_readFromTable       (abs)        00000
__size_of_read_key            (abs)        00000
__size_of_run_game            (abs)        00000
__size_of_set_menu            (abs)        00000
__size_of_set_point           (abs)        00000
__size_of_start_video         (abs)        00000
__size_of_wayout              (abs)        00000
__size_of_wayout_display1     (abs)        00000
__size_of_wayout_display2     (abs)        00000
__size_ofi1___wmul            (abs)        00000
__size_ofi1_delay_100us       (abs)        00000
_black_num                    bssBANK0     00067
_change_near                  text14       015EE
_check_Pos                    text30       01E50
_check_if_complete            text16       01058
_check_point                  text34       009CA
_choose                       text13       00807
_choose_empty                 dataBANK3    001BA
_choose_first                 dataBANK3    001C2
_choose_level2                text10       00BE6
_choose_point                 text25       00652
_choose_second                dataBANK3    001CA
_delay_100us                  text40       01FB4
_delay_music                  text5        01F08
_display_black                dataBANK2    00150
_display_step                 dataBANK3    001B0
_display_white                dataBANK2    0015A
_draw_heibaiqi_right          text18       00AD1
_draw_wayout_right            text9        00D18
_empty                        bssBANK3     001DA
_empty_num                    bssBANK1     000A0
_first_chess                  dataBANK3    001D2
_get_X_Addr                   text29       0102C
_get_Y_Addr                   text28       0112C
_get_Y_Addr$438               cstackBANK0  00032
_get_Y_Addr$439               cstackBANK0  00034
_get_key                      text43       01F8F
_heibaiqi                     text19       00384
_if_in_table                  text15       007E0
_init_cfg                     text38       013F8
_init_environment             text22       01E9E
_init_heibaiqi                text17       01467
_init_wayout                  text8        0171C
_int2string                   text31       011B7
_judge_result                 text21       01F47
_key                          bssBANK0     00068
_level                        (abs)        02270
_level_num                    bssBANK0     00069
_little_star                  text2        008CA
_main                         maintext     01E7C
_memset                       text23       01ED1
_music                        text4        0124C
_music_delay                  text3        014DF
_player                       bssBANK1     000A1
_readFromTable                text27       01343
_read_key                     text46       01FD9
_result                       bssBANK1     000A2
_run_game                     text6        01561
_screen                       dataBANK2    00120
_second_chess                 dataBANK2    00164
_set_menu                     text20       01F6B
_set_point                    text26       0167C
_start                        bssBANK1     000A3
_start_video                  text1        01001
_table                        bssBANK1     000A5
_temp_cursor                  bssBANK0     00064
_temp_key                     bssBANK0     0006A
_total_step                   bssBANK1     000A4
_towards                      dataBANK3    001A0
_wayout                       text7        00086
_wayout_display1              text12       0108A
_wayout_display2              text11       010BE
_white_num                    bssBANK0     0006B
btemp                         (abs)        0007E
change_near@k                 cstackBANK0  00045
change_near@l                 cstackBANK0  00047
check_Pos@result              cstackBANK0  00026
check_Pos@y                   cstackBANK0  00023
check_if_complete@i           cstackBANK0  00026
check_if_complete@j           cstackBANK0  00027
check_point@add_col           cstackBANK0  00039
check_point@add_row           cstackBANK0  00038
check_point@col               cstackBANK0  00029
check_point@flag              cstackBANK0  0003B
check_point@i                 cstackBANK0  0003C
check_point@j                 cstackBANK0  0003A
check_point@oppo              cstackBANK0  00035
check_point@ply               cstackBANK0  0002A
check_point@result            cstackBANK0  00034
check_point@row               cstackBANK0  00037
check_point@temp              cstackBANK0  00036
choose@i                      cstackBANK0  00050
choose@j                      cstackBANK0  00052
choose_level2@max_level3      cstackBANK0  0004E
choose_level2@step            cstackBANK0  0004D
choose_point@col              cstackBANK0  00045
choose_point@i                cstackBANK0  00055
choose_point@j                cstackBANK0  00057
choose_point@ply              cstackBANK0  00046
choose_point@result           cstackBANK0  00051
choose_point@right            cstackBANK0  00053
choose_point@row              cstackBANK0  00056
choose_point@temp             cstackBANK0  00052
choose_point@up               cstackBANK0  00054
clear_ram0                    clrtext      01E38
delay_100us@cnt               cstackBANK0  00029
delay_100us@h                 cstackBANK0  0002E
delay_100us@i                 cstackBANK0  0002C
delay_music@a                 cstackBANK0  00026
delay_music@i                 cstackBANK0  00028
delay_music@mclass            cstackBANK0  00023
draw_heibaiqi_right@i         cstackBANK0  00041
draw_heibaiqi_right@j         cstackBANK0  00040
draw_wayout_right@i           cstackBANK0  00043
draw_wayout_right@j           cstackBANK0  00042
draw_wayout_right@level       cstackBANK0  0003E
end_of_initialization         cinit        00082
get_X_Addr@addr               cstackBANK0  00025
get_X_Addr@x                  cstackBANK0  00026
get_X_Addr@y                  cstackBANK0  00023
get_Y_Addr@F6419              dataBANK1    000E9
get_Y_Addr@addr               cstackBANK0  00037
get_Y_Addr@addr_Offset        cstackBANK0  00038
get_Y_Addr@addresses          cstackBANK0  0002F
get_Y_Addr@init_Addr          cstackBANK0  00036
get_Y_Addr@x                  cstackBANK0  00031
get_Y_Addr@y                  cstackBANK0  0002C
get_key@last_key              cstackBANK0  00020
i1___wmul                     text45       01EB6
i1___wmul@multiplicand        cstackCOMMON 00072
i1___wmul@multiplier          cstackCOMMON 00070
i1___wmul@product             cstackCOMMON 00074
i1_delay_100us                text44       01F25
i1delay_100us@cnt             cstackCOMMON 00076
i1delay_100us@h               cstackCOMMON 0007B
i1delay_100us@i               cstackCOMMON 00079
if_in_table@i                 cstackBANK0  00023
if_in_table@j                 cstackBANK0  00025
init_ram                      inittext     01E44
init_wayout@i                 cstackBANK0  00056
init_wayout@j                 cstackBANK0  00058
init_wayout@level_num         cstackBANK0  00055
int$flags                     (abs)        0007E
int2string@a                  cstackBANK0  00034
int2string@begin              cstackBANK0  0002C
int2string@i                  cstackBANK0  00032
int2string@num                cstackBANK0  0002D
intlevel0                     functab      00000
intlevel1                     functab      00000
intlevel2                     functab      00000
intlevel3                     functab      00000
intlevel4                     functab      00000
intlevel5                     functab      00000
ltemp                         (abs)        0007E
ltemp0                        (abs)        0007E
ltemp1                        (abs)        00082
ltemp2                        (abs)        00086
ltemp3                        (abs)        00080
memset@c                      cstackBANK0  00023
memset@n                      cstackBANK0  00025
memset@p                      cstackBANK0  00028
memset@p1                     cstackBANK0  00029
music@i                       cstackBANK0  00033
music@i_489                   cstackBANK0  00035
music@mclass                  cstackBANK0  00030
music_delay@i                 cstackBANK0  00033
music_delay@i_482             cstackBANK0  00035
music_delay@i_483             cstackBANK0  00037
music_delay@mclass            cstackBANK0  00030
readFromTable@offset          cstackBANK0  00024
readFromTable@x               cstackBANK0  0002D
readFromTable@y               cstackBANK0  00023
reset_vec                     reset_vec    00000
set_point@i                   cstackBANK0  00043
set_point@init_X_Addr         cstackBANK0  00040
set_point@init_Y_Addr         cstackBANK0  00041
set_point@is_Offset_Pos       cstackBANK0  0003E
set_point@point_x             cstackBANK0  00042
set_point@point_y             cstackBANK0  00039
set_point@value               cstackBANK0  0003A
stackhi                       (abs)        0226F
stacklo                       (abs)        02180
start                         init         00022
start_initialization          cinit        00024
ttemp                         (abs)        0007E
ttemp0                        (abs)        0007E
ttemp1                        (abs)        00081
ttemp2                        (abs)        00084
ttemp3                        (abs)        00087
ttemp4                        (abs)        0007F
wtemp                         (abs)        0007E
wtemp0                        (abs)        0007E
wtemp1                        (abs)        00080
wtemp2                        (abs)        00082
wtemp3                        (abs)        00084
wtemp4                        (abs)        00086
wtemp5                        (abs)        00088
wtemp6                        (abs)        0007F


FUNCTION INFORMATION:

 *************** function _main *****************
 Defined at:
		line 33 in file "main.c"
 Parameters:    Size  Location     Type
  argc            2    0[BANK1 ] int 
  argv            2    2[BANK1 ] PTR PTR unsigned char 
 Auto vars:     Size  Location     Type
		None
 Return value:  Size  Location     Type
                  2    0[BANK1 ] int 
 Registers used:
		wreg, fsr0l, fsr0h, fsr1l, fsr1h, status,2, status,0, pclath, cstack
 Tracked objects:
		On entry : 
		On exit  : 
		Unchanged: 
 Data sizes:     COMMON   BANK0   BANK1   BANK2   BANK3   BANK4   BANK5   BANK6   BANK7   BANK8   BANK9  BANK10  BANK11  BANK12
      Params:         0       0       4       0       0       0       0       0       0       0       0       0       0       0
      Locals:         0       0       0       0       0       0       0       0       0       0       0       0       0       0
      Temps:          0       0       0       0       0       0       0       0       0       0       0       0       0       0
      Totals:         0       0       4       0       0       0       0       0       0       0       0       0       0       0
Total ram usage:        4 bytes
 Hardware stack levels required when called:   12
 This function calls:
		_init_cfg
		_init_environment
		_run_game
		_set_menu
		_start_video
 This function is called by:
		Startup code after reset
 This function uses a non-reentrant model


 *************** function _start_video *****************
 Defined at:
		line 286 in file "func.c"
 Parameters:    Size  Location     Type
		None
 Auto vars:     Size  Location     Type
		None
 Return value:  Size  Location     Type
                  1    wreg      void 
 Registers used:
		wreg, fsr0l, fsr0h, fsr1l, fsr1h, status,2, status,0, pclath, cstack
 Tracked objects:
		On entry : 
		On exit  : 
		Unchanged: 
 Data sizes:     COMMON   BANK0   BANK1   BANK2   BANK3   BANK4   BANK5   BANK6   BANK7   BANK8   BANK9  BANK10  BANK11  BANK12
      Params:         0       0       0       0       0       0       0       0       0       0       0       0       0       0
      Locals:         0       0       0       0       0       0       0       0       0       0       0       0       0       0
      Temps:          0       0       0       0       0       0       0       0       0       0       0       0       0       0
      Totals:         0       0       0       0       0       0       0       0       0       0       0       0       0       0
Total ram usage:        0 bytes
 Hardware stack levels used:    1
 Hardware stack levels required when called:    8
 This function calls:
		_Clear_Screen
		_Display_Chars
		_little_star
 This function is called by:
		_main
 This function uses a non-reentrant model


 *************** function _little_star *****************
 Defined at:
		line 318 in file "func.c"
 Parameters:    Size  Location     Type
		None
 Auto vars:     Size  Location     Type
		None
 Return value:  Size  Location     Type
                  1    wreg      void 
 Registers used:
		wreg, status,2, status,0, pclath, cstack
 Tracked objects:
		On entry : 
		On exit  : 
		Unchanged: 
 Data sizes:     COMMON   BANK0   BANK1   BANK2   BANK3   BANK4   BANK5   BANK6   BANK7   BANK8   BANK9  BANK10  BANK11  BANK12
      Params:         0       0       0       0       0       0       0       0       0       0       0       0       0       0
      Locals:         0       0       0       0       0       0       0       0       0       0       0       0       0       0
      Temps:          0       0       0       0       0       0       0       0       0       0       0       0       0       0
      Totals:         0       0       0       0       0       0       0       0       0       0       0       0       0       0
Total ram usage:        0 bytes
 Hardware stack levels used:    1
 Hardware stack levels required when called:    7
 This function calls:
		_delay_100us
		_music
		_music_delay
 This function is called by:
		_start_video
 This function uses a non-reentrant model


 *************** function _music_delay *****************
 Defined at:
		line 295 in file "func.c"
 Parameters:    Size  Location     Type
  mclass          2   16[BANK0 ] int 
 Auto vars:     Size  Location     Type
  i               2   23[BANK0 ] int 
  i               2   21[BANK0 ] int 
  i               2   19[BANK0 ] int 
 Return value:  Size  Location     Type
                  1    wreg      void 
 Registers used:
		wreg, status,2, status,0, pclath, cstack
 Tracked objects:
		On entry : 
		On exit  : 
		Unchanged: 
 Data sizes:     COMMON   BANK0   BANK1   BANK2   BANK3   BANK4   BANK5   BANK6   BANK7   BANK8   BANK9  BANK10  BANK11  BANK12
      Params:         0       2       0       0       0       0       0       0       0       0       0       0       0       0
      Locals:         0       6       0       0       0       0       0       0       0       0       0       0       0       0
      Temps:          0       1       0       0       0       0       0       0       0       0       0       0       0       0
      Totals:         0       9       0       0       0       0       0       0       0       0       0       0       0       0
Total ram usage:        9 bytes
 Hardware stack levels used:    1
 Hardware stack levels required when called:    6
 This function calls:
		___awdiv
		_delay_100us
		_delay_music
 This function is called by:
		_little_star
 This function uses a non-reentrant model


 *************** function _music *****************
 Defined at:
		line 325 in file "func.c"
 Parameters:    Size  Location     Type
  mclass          2   16[BANK0 ] int 
 Auto vars:     Size  Location     Type
  i               2   21[BANK0 ] int 
  i               2   19[BANK0 ] int 
 Return value:  Size  Location     Type
                  1    wreg      void 
 Registers used:
		wreg, status,2, status,0, pclath, cstack
 Tracked objects:
		On entry : 
		On exit  : 
		Unchanged: 
 Data sizes:     COMMON   BANK0   BANK1   BANK2   BANK3   BANK4   BANK5   BANK6   BANK7   BANK8   BANK9  BANK10  BANK11  BANK12
      Params:         0       2       0       0       0       0       0       0       0       0       0       0       0       0
      Locals:         0       4       0       0       0       0       0       0       0       0       0       0       0       0
      Temps:          0       1       0       0       0       0       0       0       0       0       0       0       0       0
      Totals:         0       7       0       0       0       0       0       0       0       0       0       0       0       0
Total ram usage:        7 bytes
 Hardware stack levels used:    1
 Hardware stack levels required when called:    6
 This function calls:
		___awdiv
		_delay_100us
		_delay_music
 This function is called by:
		_little_star
 This function uses a non-reentrant model


 *************** function _delay_music *****************
 Defined at:
		line 277 in file "func.c"
 Parameters:    Size  Location     Type
  mclass          2    3[BANK0 ] int 
 Auto vars:     Size  Location     Type
  i               2    8[BANK0 ] int 
  a               2    6[BANK0 ] int 
 Return value:  Size  Location     Type
                  1    wreg      void 
 Registers used:
		wreg, status,2
 Tracked objects:
		On entry : 
		On exit  : 
		Unchanged: 
 Data sizes:     COMMON   BANK0   BANK1   BANK2   BANK3   BANK4   BANK5   BANK6   BANK7   BANK8   BANK9  BANK10  BANK11  BANK12
      Params:         0       2       0       0       0       0       0       0       0       0       0       0       0       0
      Locals:         0       4       0       0       0       0       0       0       0       0       0       0       0       0
      Temps:          0       1       0       0       0       0       0       0       0       0       0       0       0       0
      Totals:         0       7       0       0       0       0       0       0       0       0       0       0       0       0
Total ram usage:        7 bytes
 Hardware stack levels used:    1
 Hardware stack levels required when called:    4
 This function calls:
		Nothing
 This function is called by:
		_music_delay
		_music
 This function uses a non-reentrant model


 *************** function _run_game *****************
 Defined at:
		line 413 in file "func.c"
 Parameters:    Size  Location     Type
		None
 Auto vars:     Size  Location     Type
		None
 Return value:  Size  Location     Type
                  1    wreg      void 
 Registers used:
		wreg, fsr0l, fsr0h, fsr1l, fsr1h, status,2, status,0, pclath, cstack
 Tracked objects:
		On entry : 
		On exit  : 
		Unchanged: 
 Data sizes:     COMMON   BANK0   BANK1   BANK2   BANK3   BANK4   BANK5   BANK6   BANK7   BANK8   BANK9  BANK10  BANK11  BANK12
      Params:         0       0       0       0       0       0       0       0       0       0       0       0       0       0
      Locals:         0       0       0       0       0       0       0       0       0       0       0       0       0       0
      Temps:          0       2       0       0       0       0       0       0       0       0       0       0       0       0
      Totals:         0       2       0       0       0       0       0       0       0       0       0       0       0       0
Total ram usage:        2 bytes
 Hardware stack levels used:    1
 Hardware stack levels required when called:   11
 This function calls:
		_choose_level2
		_heibaiqi
		_init_heibaiqi
		_init_wayout
		_set_point
		_wayout
 This function is called by:
		_main
 This function uses a non-reentrant model


 *************** function _wayout *****************
 Defined at:
		line 245 in file "wayout.c"
 Parameters:    Size  Location     Type
		None
 Auto vars:     Size  Location     Type
		None
 Return value:  Size  Location     Type
                  1    wreg      void 
 Registers used:
		wreg, fsr0l, fsr0h, fsr1l, fsr1h, status,2, status,0, pclath, cstack
 Tracked objects:
		On entry : 
		On exit  : 
		Unchanged: 
 Data sizes:     COMMON   BANK0   BANK1   BANK2   BANK3   BANK4   BANK5   BANK6   BANK7   BANK8   BANK9  BANK10  BANK11  BANK12
      Params:         0       0       0       0       0       0       0       0       0       0       0       0       0       0
      Locals:         0       0       0       0       0       0       0       0       0       0       0       0       0       0
      Temps:          0       7       0       0       0       0       0       0       0       0       0       0       0       0
      Totals:         0       7       0       0       0       0       0       0       0       0       0       0       0       0
Total ram usage:        7 bytes
 Hardware stack levels used:    1
 Hardware stack levels required when called:   10
 This function calls:
		_Clear_Screen
		_Display_Chars
		_check_if_complete
		_choose
		_choose_level2
		_init_wayout
		_int2string
		_set_point
 This function is called by:
		_run_game
 This function uses a non-reentrant model


 *************** function _init_wayout *****************
 Defined at:
		line 226 in file "wayout.c"
 Parameters:    Size  Location     Type
  level_num       1    wreg     unsigned char 
 Auto vars:     Size  Location     Type
  level_num       1   53[BANK0 ] unsigned char 
  j               2   56[BANK0 ] int 
  i               2   54[BANK0 ] int 
 Return value:  Size  Location     Type
                  1    wreg      void 
 Registers used:
		wreg, fsr0l, fsr0h, fsr1l, fsr1h, status,2, status,0, pclath, cstack
 Tracked objects:
		On entry : 
		On exit  : 
		Unchanged: 
 Data sizes:     COMMON   BANK0   BANK1   BANK2   BANK3   BANK4   BANK5   BANK6   BANK7   BANK8   BANK9  BANK10  BANK11  BANK12
      Params:         0       0       0       0       0       0       0       0       0       0       0       0       0       0
      Locals:         0       5       0       0       0       0       0       0       0       0       0       0       0       0
      Temps:          0      16       0       0       0       0       0       0       0       0       0       0       0       0
      Totals:         0      21       0       0       0       0       0       0       0       0       0       0       0       0
Total ram usage:       21 bytes
 Hardware stack levels used:    1
 Hardware stack levels required when called:    9
 This function calls:
		_Clear_Screen
		_draw_wayout_right
		_set_point
 This function is called by:
		_run_game
		_wayout
 This function uses a non-reentrant model


 *************** function _draw_wayout_right *****************
 Defined at:
		line 3 in file "wayout.c"
 Parameters:    Size  Location     Type
  level           2   30[BANK0 ] int 
 Auto vars:     Size  Location     Type
  i               1   35[BANK0 ] unsigned char 
  j               1   34[BANK0 ] unsigned char 
 Return value:  Size  Location     Type
                  1    wreg      void 
 Registers used:
		wreg, fsr0l, fsr0h, fsr1l, fsr1h, status,2, status,0, pclath, cstack
 Tracked objects:
		On entry : 
		On exit  : 
		Unchanged: 
 Data sizes:     COMMON   BANK0   BANK1   BANK2   BANK3   BANK4   BANK5   BANK6   BANK7   BANK8   BANK9  BANK10  BANK11  BANK12
      Params:         0       2       0       0       0       0       0       0       0       0       0       0       0       0
      Locals:         0       2       0       0       0       0       0       0       0       0       0       0       0       0
      Temps:          0       2       0       0       0       0       0       0       0       0       0       0       0       0
      Totals:         0       6       0       0       0       0       0       0       0       0       0       0       0       0
Total ram usage:        6 bytes
 Hardware stack levels used:    1
 Hardware stack levels required when called:    8
 This function calls:
		_Display_Chars
		_Write_Com
		_Write_Data
		_delay_100us
		_int2string
 This function is called by:
		_init_wayout
 This function uses a non-reentrant model


 *************** function _choose_level2 *****************
 Defined at:
		line 149 in file "wayout.c"
 Parameters:    Size  Location     Type
		None
 Auto vars:     Size  Location     Type
  max_level3      1   46[BANK0 ] unsigned char 
  step            1   45[BANK0 ] unsigned char 
 Return value:  Size  Location     Type
                  1    wreg      unsigned char 
 Registers used:
		wreg, fsr0l, fsr0h, fsr1l, fsr1h, status,2, status,0, pclath, cstack
 Tracked objects:
		On entry : 
		On exit  : 
		Unchanged: 
 Data sizes:     COMMON   BANK0   BANK1   BANK2   BANK3   BANK4   BANK5   BANK6   BANK7   BANK8   BANK9  BANK10  BANK11  BANK12
      Params:         0       0       0       0       0       0       0       0       0       0       0       0       0       0
      Locals:         0       2       0       0       0       0       0       0       0       0       0       0       0       0
      Temps:          0       7       0       0       0       0       0       0       0       0       0       0       0       0
      Totals:         0       9       0       0       0       0       0       0       0       0       0       0       0       0
Total ram usage:        9 bytes
 Hardware stack levels used:    1
 Hardware stack levels required when called:    9
 This function calls:
		_Clear_Screen
		___awdiv
		___awmod
		_init_environment
		_set_menu
		_set_point
		_wayout_display1
		_wayout_display2
 This function is called by:
		_run_game
		_wayout
 This function uses a non-reentrant model


 *************** function _wayout_display2 *****************
 Defined at:
		line 141 in file "wayout.c"
 Parameters:    Size  Location     Type
		None
 Auto vars:     Size  Location     Type
		None
 Return value:  Size  Location     Type
                  1    wreg      void 
 Registers used:
		wreg, fsr0l, fsr0h, fsr1l, fsr1h, status,2, status,0, pclath, cstack
 Tracked objects:
		On entry : 
		On exit  : 
		Unchanged: 
 Data sizes:     COMMON   BANK0   BANK1   BANK2   BANK3   BANK4   BANK5   BANK6   BANK7   BANK8   BANK9  BANK10  BANK11  BANK12
      Params:         0       0       0       0       0       0       0       0       0       0       0       0       0       0
      Locals:         0       0       0       0       0       0       0       0       0       0       0       0       0       0
      Temps:          0       1       0       0       0       0       0       0       0       0       0       0       0       0
      Totals:         0       1       0       0       0       0       0       0       0       0       0       0       0       0
Total ram usage:        1 bytes
 Hardware stack levels used:    1
 Hardware stack levels required when called:    8
 This function calls:
		_Display_Chars
 This function is called by:
		_choose_level2
 This function uses a non-reentrant model


 *************** function _wayout_display1 *****************
 Defined at:
		line 134 in file "wayout.c"
 Parameters:    Size  Location     Type
		None
 Auto vars:     Size  Location     Type
		None
 Return value:  Size  Location     Type
                  1    wreg      void 
 Registers used:
		wreg, fsr0l, fsr0h, fsr1l, fsr1h, status,2, status,0, pclath, cstack
 Tracked objects:
		On entry : 
		On exit  : 
		Unchanged: 
 Data sizes:     COMMON   BANK0   BANK1   BANK2   BANK3   BANK4   BANK5   BANK6   BANK7   BANK8   BANK9  BANK10  BANK11  BANK12
      Params:         0       0       0       0       0       0       0       0       0       0       0       0       0       0
      Locals:         0       0       0       0       0       0       0       0       0       0       0       0       0       0
      Temps:          0       1       0       0       0       0       0       0       0       0       0       0       0       0
      Totals:         0       1       0       0       0       0       0       0       0       0       0       0       0       0
Total ram usage:        1 bytes
 Hardware stack levels used:    1
 Hardware stack levels required when called:    8
 This function calls:
		_Display_Chars
 This function is called by:
		_choose_level2
 This function uses a non-reentrant model


 *************** function _choose *****************
 Defined at:
		line 78 in file "wayout.c"
 Parameters:    Size  Location     Type
  i               2   48[BANK0 ] int 
  j               2   50[BANK0 ] int 
 Auto vars:     Size  Location     Type
		None
 Return value:  Size  Location     Type
                  1    wreg      unsigned char 
 Registers used:
		wreg, fsr1l, fsr1h, status,2, status,0, pclath, cstack
 Tracked objects:
		On entry : 
		On exit  : 
		Unchanged: 
 Data sizes:     COMMON   BANK0   BANK1   BANK2   BANK3   BANK4   BANK5   BANK6   BANK7   BANK8   BANK9  BANK10  BANK11  BANK12
      Params:         0       4       0       0       0       0       0       0       0       0       0       0       0       0
      Locals:         0       0       0       0       0       0       0       0       0       0       0       0       0       0
      Temps:          0       7       0       0       0       0       0       0       0       0       0       0       0       0
      Totals:         0      11       0       0       0       0       0       0       0       0       0       0       0       0
Total ram usage:       11 bytes
 Hardware stack levels used:    1
 Hardware stack levels required when called:    9
 This function calls:
		_change_near
		_if_in_table
		_set_point
 This function is called by:
		_wayout
 This function uses a non-reentrant model


 *************** function _change_near *****************
 Defined at:
		line 63 in file "wayout.c"
 Parameters:    Size  Location     Type
  k               2   37[BANK0 ] int 
  l               2   39[BANK0 ] int 
 Auto vars:     Size  Location     Type
		None
 Return value:  Size  Location     Type
                  1    wreg      void 
 Registers used:
		wreg, fsr1l, fsr1h, status,2, status,0, pclath, cstack
 Tracked objects:
		On entry : 
		On exit  : 
		Unchanged: 
[...]
 Parameters:    Size  Location     Type
  multiplier      1    wreg     unsigned char 
  multiplicand    1    3[BANK0 ] unsigned char 
 Auto vars:     Size  Location     Type
  multiplier      1    6[BANK0 ] unsigned char 
  product         1    5[BANK0 ] unsigned char 
 Return value:  Size  Location     Type
                  1    wreg      unsigned char 
 Registers used:
		wreg, status,2, status,0
 Tracked objects:
		On entry : 
		On exit  : 
		Unchanged: 
 Data sizes:     COMMON   BANK0   BANK1   BANK2   BANK3   BANK4   BANK5   BANK6   BANK7   BANK8   BANK9  BANK10  BANK11  BANK12
      Params:         0       1       0       0       0       0       0       0       0       0       0       0       0       0
      Locals:         0       2       0       0       0       0       0       0       0       0       0       0       0       0
      Temps:          0       1       0       0       0       0       0       0       0       0       0       0       0       0
      Totals:         0       4       0       0       0       0       0       0       0       0       0       0       0       0
Total ram usage:        4 bytes
 Hardware stack levels used:    1
 Hardware stack levels required when called:    4
 This function calls:
		Nothing
 This function is called by:
		_check_point
		_choose_point
 This function uses a non-reentrant model


 *************** function _Display_Chars *****************
 Defined at:
		line 149 in file "func.c"
 Parameters:    Size  Location     Type
  x               1    wreg     unsigned char 
  string          2   18[BANK0 ] PTR unsigned char 
		 -> STR_27(19), STR_26(8), STR_25(8), STR_24(8), 
		 -> STR_23(8), STR_22(5), STR_21(4), STR_20(8), 
		 -> STR_19(8), STR_18(8), STR_17(8), STR_16(8), 
		 -> STR_15(8), STR_14(8), STR_13(8), STR_12(8), 
		 -> display_step(10), STR_11(7), STR_10(9), STR_9(13), 
		 -> STR_8(11), STR_7(11), STR_6(19), STR_5(8), 
		 -> STR_4(19), STR_3(10), STR_2(19), STR_1(10), 
		 -> display_white(10), display_black(10), 
  y               1   20[BANK0 ] unsigned char 
 Auto vars:     Size  Location     Type
  x               1   29[BANK0 ] unsigned char 
  addresses       4   23[BANK0 ] unsigned char [4]
  i               2   27[BANK0 ] int 
 Return value:  Size  Location     Type
                  1    wreg      void 
 Registers used:
		wreg, fsr0l, fsr0h, fsr1l, fsr1h, status,2, status,0, pclath, cstack
 Tracked objects:
		On entry : 
		On exit  : 
		Unchanged: 
 Data sizes:     COMMON   BANK0   BANK1   BANK2   BANK3   BANK4   BANK5   BANK6   BANK7   BANK8   BANK9  BANK10  BANK11  BANK12
      Params:         0       3       0       0       0       0       0       0       0       0       0       0       0       0
      Locals:         0       7       0       0       0       0       0       0       0       0       0       0       0       0
      Temps:          0       2       0       0       0       0       0       0       0       0       0       0       0       0
      Totals:         0      12       0       0       0       0       0       0       0       0       0       0       0       0
Total ram usage:       12 bytes
 Hardware stack levels used:    1
 Hardware stack levels required when called:    7
 This function calls:
		_Write_Com
		_Write_Data
 This function is called by:
		_draw_heibaiqi_right
		_choose_point
		_heibaiqi
		_start_video
		_set_menu
		_draw_wayout_right
		_wayout_display1
		_wayout_display2
		_wayout
 This function uses a non-reentrant model


 *************** function _Write_Data *****************
 Defined at:
		line 47 in file "func.c"
 Parameters:    Size  Location     Type
  dat             2   16[BANK0 ] int 
 Auto vars:     Size  Location     Type
		None
 Return value:  Size  Location     Type
                  1    wreg      void 
 Registers used:
		wreg, status,2, status,0, pclath, cstack
 Tracked objects:
		On entry : 
		On exit  : 
		Unchanged: 
 Data sizes:     COMMON   BANK0   BANK1   BANK2   BANK3   BANK4   BANK5   BANK6   BANK7   BANK8   BANK9  BANK10  BANK11  BANK12
      Params:         0       2       0       0       0       0       0       0       0       0       0       0       0       0
      Locals:         0       0       0       0       0       0       0       0       0       0       0       0       0       0
      Temps:          0       0       0       0       0       0       0       0       0       0       0       0       0       0
      Totals:         0       2       0       0       0       0       0       0       0       0       0       0       0       0
Total ram usage:        2 bytes
 Hardware stack levels used:    1
 Hardware stack levels required when called:    6
 This function calls:
		_delay_100us
 This function is called by:
		_draw_heibaiqi_right
		_Clear_Screen
		_Display_Chars
		_set_point
		_draw_wayout_right
 This function uses a non-reentrant model


 *************** function _init_cfg *****************
 Defined at:
		line 87 in file "func.c"
 Parameters:    Size  Location     Type
		None
 Auto vars:     Size  Location     Type
		None
 Return value:  Size  Location     Type
                  1    wreg      void 
 Registers used:
		wreg, status,2, status,0, pclath, cstack
 Tracked objects:
		On entry : 
		On exit  : 
		Unchanged: 
 Data sizes:     COMMON   BANK0   BANK1   BANK2   BANK3   BANK4   BANK5   BANK6   BANK7   BANK8   BANK9  BANK10  BANK11  BANK12
      Params:         0       0       0       0       0       0       0       0       0       0       0       0       0       0
      Locals:         0       0       0       0       0       0       0       0       0       0       0       0       0       0
      Temps:          0       0       0       0       0       0       0       0       0       0       0       0       0       0
      Totals:         0       0       0       0       0       0       0       0       0       0       0       0       0       0
Total ram usage:        0 bytes
 Hardware stack levels used:    1
 Hardware stack levels required when called:    7
 This function calls:
		_Write_Com
		_delay_100us
 This function is called by:
		_main
 This function uses a non-reentrant model


 *************** function _Write_Com *****************
 Defined at:
		line 59 in file "func.c"
 Parameters:    Size  Location     Type
  com             2   16[BANK0 ] int 
 Auto vars:     Size  Location     Type
		None
 Return value:  Size  Location     Type
                  1    wreg      void 
 Registers used:
		wreg, status,2, status,0, pclath, cstack
 Tracked objects:
		On entry : 
		On exit  : 
		Unchanged: 
 Data sizes:     COMMON   BANK0   BANK1   BANK2   BANK3   BANK4   BANK5   BANK6   BANK7   BANK8   BANK9  BANK10  BANK11  BANK12
      Params:         0       2       0       0       0       0       0       0       0       0       0       0       0       0
      Locals:         0       0       0       0       0       0       0       0       0       0       0       0       0       0
      Temps:          0       0       0       0       0       0       0       0       0       0       0       0       0       0
      Totals:         0       2       0       0       0       0       0       0       0       0       0       0       0       0
Total ram usage:        2 bytes
 Hardware stack levels used:    1
 Hardware stack levels required when called:    6
 This function calls:
		_delay_100us
 This function is called by:
		_draw_heibaiqi_right
		_init_cfg
		_Clear_Screen
		_Display_Chars
		_set_point
		_draw_wayout_right
 This function uses a non-reentrant model


 *************** function _delay_100us *****************
 Defined at:
		line 11 in file "func.c"
 Parameters:    Size  Location     Type
  cnt             2    9[BANK0 ] int 
 Auto vars:     Size  Location     Type
  h               2   14[BANK0 ] int 
  i               2   12[BANK0 ] int 
 Return value:  Size  Location     Type
                  1    wreg      void 
 Registers used:
		wreg, status,2, status,0, pclath, cstack
 Tracked objects:
		On entry : 
		On exit  : 
		Unchanged: 
 Data sizes:     COMMON   BANK0   BANK1   BANK2   BANK3   BANK4   BANK5   BANK6   BANK7   BANK8   BANK9  BANK10  BANK11  BANK12
      Params:         0       2       0       0       0       0       0       0       0       0       0       0       0       0
      Locals:         0       4       0       0       0       0       0       0       0       0       0       0       0       0
      Temps:          0       1       0       0       0       0       0       0       0       0       0       0       0       0
      Totals:         0       7       0       0       0       0       0       0       0       0       0       0       0       0
Total ram usage:        7 bytes
 Hardware stack levels used:    1
 Hardware stack levels required when called:    5
 This function calls:
		___wmul
 This function is called by:
		_draw_heibaiqi_right
		_Write_Data
		_Write_Com
		_init_cfg
		_Clear_Screen
		_music_delay
		_little_star
		_music
		_draw_wayout_right
 This function uses a non-reentrant model


 *************** function ___wmul *****************
 Defined at:
		line 15 in file "E:\xCB\sources\common\Umul16.c"
 Parameters:    Size  Location     Type
  multiplier      2    3[BANK0 ] unsigned int 
  multiplicand    2    5[BANK0 ] unsigned int 
 Auto vars:     Size  Location     Type
  product         2    7[BANK0 ] unsigned int 
 Return value:  Size  Location     Type
                  2    3[BANK0 ] unsigned int 
 Registers used:
		wreg, status,2, status,0
 Tracked objects:
		On entry : 
		On exit  : 
		Unchanged: 
 Data sizes:     COMMON   BANK0   BANK1   BANK2   BANK3   BANK4   BANK5   BANK6   BANK7   BANK8   BANK9  BANK10  BANK11  BANK12
      Params:         0       4       0       0       0       0       0       0       0       0       0       0       0       0
      Locals:         0       2       0       0       0       0       0       0       0       0       0       0       0       0
      Temps:          0       0       0       0       0       0       0       0       0       0       0       0       0       0
      Totals:         0       6       0       0       0       0       0       0       0       0       0       0       0       0
Total ram usage:        6 bytes
 Hardware stack levels used:    1
 Hardware stack levels required when called:    4
 This function calls:
		Nothing
 This function is called by:
		_check_point
		_choose_point
		_delay_100us
 This function uses a non-reentrant model


 *************** function _ISR *****************
 Defined at:
		line 9 in file "main.c"
 Parameters:    Size  Location     Type
		None
 Auto vars:     Size  Location     Type
		None
 Return value:  Size  Location     Type
                  1    wreg      void 
 Registers used:
		wreg, status,2, status,0, pclath, cstack
 Tracked objects:
		On entry : 
		On exit  : 
		Unchanged: 
 Data sizes:     COMMON   BANK0   BANK1   BANK2   BANK3   BANK4   BANK5   BANK6   BANK7   BANK8   BANK9  BANK10  BANK11  BANK12
      Params:         0       0       0       0       0       0       0       0       0       0       0       0       0       0
      Locals:         0       0       0       0       0       0       0       0       0       0       0       0       0       0
      Temps:          0       2       0       0       0       0       0       0       0       0       0       0       0       0
      Totals:         0       2       0       0       0       0       0       0       0       0       0       0       0       0
Total ram usage:        2 bytes
 Hardware stack levels used:    1
 Hardware stack levels required when called:    3
 This function calls:
		_get_key
		i1_delay_100us
 This function is called by:
		Interrupt level 1
 This function uses a non-reentrant model


 *************** function _get_key *****************
 Defined at:
		line 375 in file "func.c"
 Parameters:    Size  Location     Type
		None
 Auto vars:     Size  Location     Type
  last_key        1    0[BANK0 ] unsigned char 
 Return value:  Size  Location     Type
                  1    wreg      unsigned char 
 Registers used:
		wreg, status,2, status,0, pclath, cstack
 Tracked objects:
		On entry : 
		On exit  : 
		Unchanged: 
 Data sizes:     COMMON   BANK0   BANK1   BANK2   BANK3   BANK4   BANK5   BANK6   BANK7   BANK8   BANK9  BANK10  BANK11  BANK12
      Params:         0       0       0       0       0       0       0       0       0       0       0       0       0       0
      Locals:         0       1       0       0       0       0       0       0       0       0       0       0       0       0
      Temps:          1       0       0       0       0       0       0       0       0       0       0       0       0       0
      Totals:         1       1       0       0       0       0       0       0       0       0       0       0       0       0
Total ram usage:        2 bytes
 Hardware stack levels used:    1
 Hardware stack levels required when called:    2
 This function calls:
		_read_key
		i1_delay_100us
 This function is called by:
		_ISR
 This function uses a non-reentrant model


 *************** function i1_delay_100us *****************
 Defined at:
		line 11 in file "func.c"
 Parameters:    Size  Location     Type
  cnt             2    6[COMMON] int 
 Auto vars:     Size  Location     Type
  delay_100us     2   11[COMMON] int 
  delay_100us     2    9[COMMON] int 
 Return value:  Size  Location     Type
                  1    wreg      void 
 Registers used:
		wreg, status,2, status,0, pclath, cstack
 Tracked objects:
		On entry : 
		On exit  : 
		Unchanged: 
 Data sizes:     COMMON   BANK0   BANK1   BANK2   BANK3   BANK4   BANK5   BANK6   BANK7   BANK8   BANK9  BANK10  BANK11  BANK12
      Params:         2       0       0       0       0       0       0       0       0       0       0       0       0       0
      Locals:         4       0       0       0       0       0       0       0       0       0       0       0       0       0
      Temps:          1       0       0       0       0       0       0       0       0       0       0       0       0       0
      Totals:         7       0       0       0       0       0       0       0       0       0       0       0       0       0
Total ram usage:        7 bytes
 Hardware stack levels used:    1
 Hardware stack levels required when called:    1
 This function calls:
		i1___wmul
 This function is called by:
		_get_key
		_ISR
 This function uses a non-reentrant model


 *************** function i1___wmul *****************
 Defined at:
		line 15 in file "E:\xCB\sources\common\Umul16.c"
 Parameters:    Size  Location     Type
  multiplier      2    0[COMMON] unsigned int 
  multiplicand    2    2[COMMON] unsigned int 
 Auto vars:     Size  Location     Type
  __wmul          2    4[COMMON] unsigned int 
 Return value:  Size  Location     Type
                  2    0[COMMON] unsigned int 
 Registers used:
		wreg, status,2, status,0
 Tracked objects:
		On entry : 
		On exit  : 
		Unchanged: 
 Data sizes:     COMMON   BANK0   BANK1   BANK2   BANK3   BANK4   BANK5   BANK6   BANK7   BANK8   BANK9  BANK10  BANK11  BANK12
      Params:         4       0       0       0       0       0       0       0       0       0       0       0       0       0
      Locals:         2       0       0       0       0       0       0       0       0       0       0       0       0       0
      Temps:          0       0       0       0       0       0       0       0       0       0       0       0       0       0
      Totals:         6       0       0       0       0       0       0       0       0       0       0       0       0       0
Total ram usage:        6 bytes
 Hardware stack levels used:    1
 This function calls:
		Nothing
 This function is called by:
		i1_delay_100us
 This function uses a non-reentrant model


 *************** function _read_key *****************
 Defined at:
		line 348 in file "func.c"
 Parameters:    Size  Location     Type
		None
 Auto vars:     Size  Location     Type
		None
 Return value:  Size  Location     Type
                  1    wreg      unsigned char 
 Registers used:
		wreg
 Tracked objects:
		On entry : 
		On exit  : 
		Unchanged: 
 Data sizes:     COMMON   BANK0   BANK1   BANK2   BANK3   BANK4   BANK5   BANK6   BANK7   BANK8   BANK9  BANK10  BANK11  BANK12
      Params:         0       0       0       0       0       0       0       0       0       0       0       0       0       0
      Locals:         0       0       0       0       0       0       0       0       0       0       0       0       0       0
      Temps:          0       0       0       0       0       0       0       0       0       0       0       0       0       0
      Totals:         0       0       0       0       0       0       0       0       0       0       0       0       0       0
Total ram usage:        0 bytes
 Hardware stack levels used:    1
 This function calls:
		Nothing
 This function is called by:
		_get_key
 This function uses a non-reentrant model



MODULE INFORMATION

Module		Function		Class		Link	Load	Size
wayout.c
		_init_wayout   		CODE           	171C	0000	229
		_wayout        		CODE           	0086	0000	767
		_choose        		CODE           	0807	0000	196
		_draw_wayout_right		CODE           	0D18	0000	361
		_choose_level2 		CODE           	0BE6	0000	307
		_check_if_complete		CODE           	1058	0000	51
		_change_near   		CODE           	15EE	0000	143
		_if_in_table   		CODE           	07E0	0000	33
		_wayout_display1		CODE           	108A	0000	53
		_wayout_display2		CODE           	10BE	0000	53

wayout.c estimated size: 2193

func.c
		_init_environment		CODE           	1E9E	0000	25
		_get_X_Addr    		CODE           	102C	0000	45
		_Write_Com     		CODE           	1E5E	0000	16
		_little_star   		CODE           	08CA	0000	257
		_get_Y_Addr    		CODE           	112C	0000	70
		_Clear_Screen  		CODE           	139B	0000	94
		_music_delay   		CODE           	14DF	0000	131
		_set_point     		CODE           	167C	0000	161
		_check_Pos     		CODE           	1E50	0000	15
		_delay_100us   		CODE           	1FB4	0000	38
		_start_video   		CODE           	1001	0000	44
		_init_cfg      		CODE           	13F8	0000	112
		_music         		CODE           	124C	0000	80
		_run_game      		CODE           	1561	0000	142
		_Write_Data    		CODE           	1E6D	0000	16
		_set_menu      		CODE           	1F6B	0000	37
		_delay_music   		CODE           	1F08	0000	30
		_read_key      		CODE           	1FD9	0000	40
		_get_key       		CODE           	1F8F	0000	38
		_Display_Chars 		CODE           	12ED	0000	87
		_int2string    		CODE           	11B7	0000	74
		_readFromTable 		CODE           	1343	0000	89

func.c estimated size: 1641

E:\xCB\sources\common\Umul16.c
		___wmul        		CODE           	1EEC	0000	29

E:\xCB\sources\common\Umul16.c estimated size: 29

E:\xCB\sources\common\awdiv.c
		___awdiv       		CODE           	129B	0000	83

E:\xCB\sources\common\awdiv.c estimated size: 83

heibaiqi.c
		_draw_heibaiqi_right		CODE           	0AD1	0000	278
		_check_point   		CODE           	09CA	0000	264
		_judge_result  		CODE           	1F47	0000	37
		_choose_point  		CODE           	0652	0000	399
		_init_heibaiqi 		CODE           	1467	0000	121
		_heibaiqi      		CODE           	0384	0000	719

heibaiqi.c estimated size: 1818

E:\xCB\sources\common\Umul8.c
		___bmul        		CODE           	1E8C	0000	19

E:\xCB\sources\common\Umul8.c estimated size: 19

E:\xCB\sources\common\memset.c
		_memset        		CODE           	1ED1	0000	28

E:\xCB\sources\common\memset.c estimated size: 28

shared
		i1___wmul      		CODE           	1EB6	0000	28
		__initialization		CODE           	0024	0000	95
		i1_delay_100us 		CODE           	1F25	0000	35

shared estimated size: 158

E:\xCB\sources\common\awmod.c
		___awmod       		CODE           	1171	0000	71

E:\xCB\sources\common\awmod.c estimated size: 71

main.c
		_ISR           		CODE           	0004	0000	31
		_main          		CODE           	1E7C	0000	17

main.c estimated size: 48

