Microchip MPLAB XC8 Compiler V1.38 ()

Linker command line:

-W-3 --edf=E:\xCB\dat\en_msgs.txt -cs \
  -h+dist/default/production\game_machine.X.production.sym \
  --cmf=dist/default/production\game_machine.X.production.cmf -z -Q16F1786 \
  -oC:\Users\ASUS\AppData\Local\Temp\snu8.2 \
  -Mdist/default/production/game_machine.X.production.map -E1 -ver=XC8 \
  -ASTACK=02180h-0226fh -pstack=STACK -ACODE=00h-07FFhx4 \
  -ASTRCODE=00h-01FFFh -ASTRING=00h-0FFhx32 -ACONST=00h-0FFhx32 \
  -AENTRY=00h-0FFhx32 -ACOMMON=070h-07Fh -ABANK0=020h-06Fh \
  -ABANK1=0A0h-0EFh -ABANK2=0120h-016Fh -ABANK3=01A0h-01EFh \
  -ABANK4=0220h-026Fh -ABANK5=02A0h-02EFh -ABANK6=0320h-036Fh \
  -ABANK7=03A0h-03EFh -ABANK8=0420h-046Fh -ABANK9=04A0h-04EFh \
  -ABANK10=0520h-056Fh -ABANK11=05A0h-05EFh -ABANK12=0620h-064Fh \
  -ABIGRAM=02000h-023EFh \
  -ARAM=020h-06Fh,0A0h-0EFh,0120h-016Fh,01A0h-01EFh,0220h-026Fh,02A0h-02EFh,0320h-036Fh,03A0h-03EFh,0420h-046Fh,04A0h-04EFh,0520h-056Fh,05A0h-05EFh,0620h-064Fh \
  -AABS1=020h-07Fh,0A0h-0EFh,0120h-016Fh,01A0h-01EFh,0220h-026Fh,02A0h-02EFh,0320h-036Fh,03A0h-03EFh,0420h-046Fh,04A0h-04EFh,0520h-056Fh,05A0h-05EFh,0620h-064Fh \
  -ASFR0=00h-01Fh -ASFR1=080h-09Fh -ASFR2=0100h-011Fh -ASFR3=0180h-019Fh \
  -ASFR4=0200h-021Fh -ASFR5=0280h-029Fh -ASFR6=0300h-031Fh \
  -ASFR7=0380h-039Fh -ASFR8=0400h-041Fh -ASFR9=0480h-049Fh \
  -ASFR10=0500h-051Fh -ASFR11=0580h-059Fh -ASFR12=0600h-061Fh \
  -ASFR13=0680h-06EFh -ASFR14=0700h-076Fh -ASFR15=0780h-07EFh \
  -ASFR16=0800h-086Fh -ASFR17=0880h-08EFh -ASFR18=0900h-096Fh \
  -ASFR19=0980h-09EFh -ASFR20=0A00h-0A6Fh -ASFR21=0A80h-0AEFh \
  -ASFR22=0B00h-0B6Fh -ASFR23=0B80h-0BEFh -ASFR24=0C00h-0C6Fh \
  -ASFR25=0C80h-0CEFh -ASFR26=0D00h-0D6Fh -ASFR27=0D80h-0DEFh \
  -ASFR28=0E00h-0E6Fh -ASFR29=0E80h-0EEFh -ASFR30=0F00h-0F6Fh \
  -ASFR31=0F80h-0FEFh -preset_vec=00h,intentry=04h,init,end_init \
  -ppowerup=CODE -pcinit=CODE -pfunctab=CODE -ACONFIG=08007h-08008h \
  -pconfig=CONFIG -DCONFIG=2 -AIDLOC=08000h-08003h -pidloc=IDLOC -DIDLOC=2 \
  -AEEDATA=00h-0FFh/0F000h -peeprom_data=EEDATA -DEEDATA=2 -DCODE=2 \
  -DSTRCODE=2 -DSTRING=2 -DCONST=2 -DENTRY=2 -k \
  C:\Users\ASUS\AppData\Local\Temp\snu8.obj \
  dist/default/production\game_machine.X.production.obj 

Object code version is 3.11

Machine type is 16F1786



                Name                               Link     Load   Length Selector   Space Scale
C:\Users\ASUS\AppData\Local\Temp\snu8.obj
                end_init                             22       22        2        8       0
                reset_vec                             0        0        2        0       0
                config                             8007     8007        2    1000E       0
dist/default/production\game_machine.X.production.obj
                cinit                                24       24       62        8       0
                intentry                              4        4       1E        8       0
                text43                             113F     113F       27     227E       0
                text42                             1F8E     1F8E       1B     3F1C       0
                text41                             10D3     10D3       22     21A6       0
                text40                             118E     118E       2A     231C       0
                text38                             1FC4     1FC4       1C     3F88       0
                text37                             10F5     10F5       25     21EA       0
                text36                             1F34     1F34        F     3E68       0
                text35                             15DE     15DE       6F     2BBC       0
                text34                             1F43     1F43        F     3E86       0
                text33                             146C     146C       56     28D8       0
                text32                             1F62     1F62       12     3EC4       0
                text31                              BEB      BEB      107     17D6       0
                text30                             141A     141A       52     2834       0
                text29                             1345     1345       46     268A       0
                text28                             13D1     13D1       49     27A2       0
                text27                             1F26     1F26        E     3E4C       0
                text26                             11B8     11B8       2C     2370       0
                text25                             1300     1300       45     2600       0
                text24                             14C2     14C2       58     2984       0
                text23                             1760     1760       A0     2EC0       0
                text22                              E72      E72      18E     1CE4       0
                text21                             151A     151A       5D     2A34       0
                text20                             1FA9     1FA9       1B     3F52       0
                text19                             1F74     1F74       1A     3EE8       0
                text18                             1577     1577       67     2AEE       0
                text17                             12BE     12BE       42     257C       0
                text16                             111A     111A       25     2234       0
                text15                               86       86      30E        8       0
                text14                              944      944       D0     1288       0
                text13                              809      809       78     1012       0
                text12                             11E4     11E4       32     23C8       0
                text11                             1FE0     1FE0       20     3FC0       0
                text10                             16D2     16D2       8E     2DA4       0
                text9                               881      881       C3     1102       0
                text8                              1216     1216       34     242C       0
                text7                              124A     124A       34     2494       0
                text6                               AF8      AF8       F3     15F0       0
                text5                               692      692      168        8       0
                text4                               A14      A14       E4     1428       0
                text3                               394      394      2FE        8       0
                text2                              164D     164D       85     2C9A       0
                text1                              1166     1166       28     22CC       0
                maintext                           1F52     1F52       10     3EA4       0
                cstackBANK0                          20       20       44       20       1
                cstackCOMMON                         70       70        E       70       1
                cstackBANK3                         1E0      1E0        4      1A0       1
                clrtext                            1F0E     1F0E        C     3E1C       0
                inittext                           1F1A     1F1A        C     3E34       0
                bssBANK4                            220      220       40      220       1
                dataBANK3                           1A0      1A0       40      1A0       1
                dataBANK2                           120      120       46      120       1
                bssBANK2                            166      166        8      120       1
                dataBANK1                            E6       E6        A       A0       1
                bssBANK1                             A0       A0       46       A0       1
                bssBANK0                             64       64        8       20       1
                stringtext                         1000     1000       D1     2000       0
                idataBIGRAM                         CF2      CF2      180     19E4       0
                idataBANK3                         127E     127E       40     24FC       0
                idataBANK2                         138B     138B       46     2716       0
                idataBANK1                         1F04     1F04        A     3E08       0

TOTAL           Name                               Link     Load   Length     Space
        CLASS   STACK          

        CLASS   CODE           
                end_init                             22       22        2         0
                cinit                                24       24       62         0
                intentry                              4        4       1E         0
                reset_vec                             0        0        2         0
                text43                             113F     113F       27         0
                text42                             1F8E     1F8E       1B         0
                text41                             10D3     10D3       22         0
                text40                             118E     118E       2A         0
                text38                             1FC4     1FC4       1C         0
                text37                             10F5     10F5       25         0
                text36                             1F34     1F34        F         0
                text35                             15DE     15DE       6F         0
                text34                             1F43     1F43        F         0
                text33                             146C     146C       56         0
                text32                             1F62     1F62       12         0
                text31                              BEB      BEB      107         0
                text30                             141A     141A       52         0
                text29                             1345     1345       46         0
                text28                             13D1     13D1       49         0
                text27                             1F26     1F26        E         0
                text26                             11B8     11B8       2C         0
                text25                             1300     1300       45         0
                text24                             14C2     14C2       58         0
                text23                             1760     1760       A0         0
                text22                              E72      E72      18E         0
                text21                             151A     151A       5D         0
                text20                             1FA9     1FA9       1B         0
                text19                             1F74     1F74       1A         0
                text18                             1577     1577       67         0
                text17                             12BE     12BE       42         0
                text16                             111A     111A       25         0
                text15                               86       86      30E         0
                text14                              944      944       D0         0
                text13                              809      809       78         0
                text12                             11E4     11E4       32         0
                text11                             1FE0     1FE0       20         0
                text10                             16D2     16D2       8E         0
                text9                               881      881       C3         0
                text8                              1216     1216       34         0
                text7                              124A     124A       34         0
                text6                               AF8      AF8       F3         0
                text5                               692      692      168         0
                text4                               A14      A14       E4         0
                text3                               394      394      2FE         0
                text2                              164D     164D       85         0
                text1                              1166     1166       28         0
                maintext                           1F52     1F52       10         0
                clrtext                            1F0E     1F0E        C         0
                inittext                           1F1A     1F1A        C         0
                idataBIGRAM                         CF2      CF2      180         0
                idataBANK3                         127E     127E       40         0
                idataBANK2                         138B     138B       46         0
                idataBANK1                         1F04     1F04        A         0

        CLASS   STRCODE        
                stringtext                         1000     1000       D1         0

        CLASS   STRING         

        CLASS   CONST          

        CLASS   ENTRY          

        CLASS   COMMON         
                cstackCOMMON                         70       70        E         1

        CLASS   BANK0          
                cstackBANK0                          20       20       44         1
                bssBANK0                             64       64        8         1

        CLASS   BANK1          
                dataBANK1                            E6       E6        A         1
                bssBANK1                             A0       A0       46         1

        CLASS   BANK2          
                dataBANK2                           120      120       46         1
                bssBANK2                            166      166        8         1

        CLASS   BANK3          
                cstackBANK3                         1E0      1E0        4         1
                dataBANK3                           1A0      1A0       40         1

        CLASS   BANK4          
                bssBANK4                            220      220       40         1

        CLASS   BANK5          

        CLASS   BANK6          

        CLASS   BANK7          

        CLASS   BANK8          

        CLASS   BANK9          

        CLASS   BANK10         

        CLASS   BANK11         

        CLASS   BANK12         

        CLASS   BIGRAM         

        CLASS   RAM            

        CLASS   ABS1           
                abs_s1                               7E       7E        2         1
                abs_s1                              3E0      3E0       10         1
                abs_s1                              420      420       50         1
                abs_s1                              4A0      4A0       50         1
                abs_s1                              520      520       50         1
                abs_s1                              5A0      5A0       50         1
                abs_s1                              620      620       30         1
                abs_s1                             2270     2270        0         1

        CLASS   SFR0           

        CLASS   SFR1           

        CLASS   SFR2           

        CLASS   SFR3           

        CLASS   SFR4           

        CLASS   SFR5           

        CLASS   SFR6           

        CLASS   SFR7           

        CLASS   SFR8           

        CLASS   SFR9           

        CLASS   SFR10          

        CLASS   SFR11          

        CLASS   SFR12          

        CLASS   SFR13          

        CLASS   SFR14          

        CLASS   SFR15          

        CLASS   SFR16          

        CLASS   SFR17          

        CLASS   SFR18          

        CLASS   SFR19          

        CLASS   SFR20          

        CLASS   SFR21          

        CLASS   SFR22          

        CLASS   SFR23          

        CLASS   SFR24          

        CLASS   SFR25          

        CLASS   SFR26          

        CLASS   SFR27          

        CLASS   SFR28          

        CLASS   SFR29          

        CLASS   SFR30          

        CLASS   SFR31          

        CLASS   CONFIG         
                config                             8007     8007        2         0

        CLASS   IDLOC          

        CLASS   EEDATA         

        CLASS   BANK31         

        CLASS   BANK30         

        CLASS   BANK29         

        CLASS   BANK28         

        CLASS   BANK27         

        CLASS   BANK26         

        CLASS   BANK25         

        CLASS   BANK24         

        CLASS   BANK23         

        CLASS   BANK22         

        CLASS   BANK21         

        CLASS   BANK20         

        CLASS   BANK19         

        CLASS   BANK18         

        CLASS   BANK17         

        CLASS   BANK16         

        CLASS   BANK15         

        CLASS   BANK14         

        CLASS   BANK13         



SEGMENTS        Name                           Load    Length   Top    Selector   Space  Class     Delta

                reset_vec                      000000  000002  000002         0       0  CODE        2
                intentry                       000004  0007F6  0007FA         8       0  CODE        2
                cstackBANK0                    000020  00004C  00006C        20       1  BANK0       1
                cstackCOMMON                   000070  00000E  00007E        70       1  COMMON      1
                bssBANK1                       0000A0  000050  0000F0        A0       1  BANK1       1
                dataBANK2                      000120  00004E  00016E       120       1  BANK2       1
                dataBANK3                      0001A0  000044  0001E4       1A0       1  BANK3       1
                bssBANK4                       000220  000040  000260       220       1  BANK4       1
                text13                         000809  000078  000881      1012       0  CODE        2
                text9                          000881  0000C3  000944      1102       0  CODE        2
                text14                         000944  0000D0  000A14      1288       0  CODE        2
                text4                          000A14  0000E4  000AF8      1428       0  CODE        2
                text6                          000AF8  0000F3  000BEB      15F0       0  CODE        2
                text31                         000BEB  000107  000CF2      17D6       0  CODE        2
                idataBIGRAM                    000CF2  000180  000E72      19E4       0  CODE        2
                text22                         000E72  00018E  001000      1CE4       0  CODE        2
                stringtext                     001000  0000D1  0010D1      2000       0  STRCODE     2
                text41                         0010D3  000022  0010F5      21A6       0  CODE        2
                text37                         0010F5  000025  00111A      21EA       0  CODE        2
                text16                         00111A  000025  00113F      2234       0  CODE        2
                text43                         00113F  000027  001166      227E       0  CODE        2
                text1                          001166  000028  00118E      22CC       0  CODE        2
                text40                         00118E  00002A  0011B8      231C       0  CODE        2
                text26                         0011B8  00002C  0011E4      2370       0  CODE        2
                text12                         0011E4  000032  001216      23C8       0  CODE        2
                text8                          001216  000034  00124A      242C       0  CODE        2
                text7                          00124A  000034  00127E      2494       0  CODE        2
                idataBANK3                     00127E  000040  0012BE      24FC       0  CODE        2
                text17                         0012BE  000042  001300      257C       0  CODE        2
                text25                         001300  000045  001345      2600       0  CODE        2
                text29                         001345  000046  00138B      268A       0  CODE        2
                idataBANK2                     00138B  000046  0013D1      2716       0  CODE        2
                text28                         0013D1  000049  00141A      27A2       0  CODE        2
                text30                         00141A  000052  00146C      2834       0  CODE        2
                text33                         00146C  000056  0014C2      28D8       0  CODE        2
                text24                         0014C2  000058  00151A      2984       0  CODE        2
                text21                         00151A  00005D  001577      2A34       0  CODE        2
                text18                         001577  000067  0015DE      2AEE       0  CODE        2
                text35                         0015DE  00006F  00164D      2BBC       0  CODE        2
                text2                          00164D  000085  0016D2      2C9A       0  CODE        2
                text10                         0016D2  00008E  001760      2DA4       0  CODE        2
                text23                         001760  0000A0  001800      2EC0       0  CODE        2
                idataBANK1                     001F04  00000A  001F0E      3E08       0  CODE        2
                clrtext                        001F0E  00000C  001F1A      3E1C       0  CODE        2
                inittext                       001F1A  00000C  001F26      3E34       0  CODE        2
                text27                         001F26  00000E  001F34      3E4C       0  CODE        2
                text36                         001F34  00000F  001F43      3E68       0  CODE        2
                text34                         001F43  00000F  001F52      3E86       0  CODE        2
                maintext                       001F52  000010  001F62      3EA4       0  CODE        2
                text32                         001F62  000012  001F74      3EC4       0  CODE        2
                text19                         001F74  00001A  001F8E      3EE8       0  CODE        2
                text42                         001F8E  00001B  001FA9      3F1C       0  CODE        2
                text20                         001FA9  00001B  001FC4      3F52       0  CODE        2
                text38                         001FC4  00001C  001FE0      3F88       0  CODE        2
                text11                         001FE0  000020  002000      3FC0       0  CODE        2
                config                         008007  000002  008009     1000E       0  CONFIG      2


UNUSED ADDRESS RANGES

        Name                Unused          Largest block    Delta
        BANK0            0006C-0006F               4           1
        BANK2            0016E-0016F               2           1
        BANK3            001E4-001EF               C           1
        BANK4            00260-0026F              10           1
        BANK5            002A0-002EF              50           1
        BANK6            00320-0036F              50           1
        BANK7            003A0-003DF              40           1
        BIGRAM           02000-023EF             3F0           1
        CODE             00002-00003               2           2
                         007FA-00808               6
                         010D1-010D2               2
                         01800-01F03             704
        CONST            00002-00003               2           2
                         007FA-00808               6
                         010D1-010D2               2
                         01800-01F03             100
        EEDATA           0F000-0F0FF             100           2
        ENTRY            00002-00003               2           2
                         007FA-00808               6
                         010D1-010D2               2
                         01800-01F03             100
        IDLOC            08000-08003               4           2
        RAM              0006C-0006F               4           1
                         0016E-0016F               2
                         001E4-001EF               C
                         00260-0026F              10
                         002A0-002EF              50
                         00320-0036F              50
                         003A0-003DF              40
        SFR0             00000-0001F              20           1
        SFR1             00080-0009F              20           1
        SFR10            00500-0051F              20           1
        SFR11            00580-0059F              20           1
        SFR12            00600-0061F              20           1
        SFR13            00680-006EF              70           1
        SFR14            00700-0076F              70           1
        SFR15            00780-007EF              70           1
        SFR16            00800-0086F              70           1
        SFR17            00880-008EF              70           1
        SFR18            00900-0096F              70           1
        SFR19            00980-009EF              70           1
        SFR2             00100-0011F              20           1
        SFR20            00A00-00A6F              70           1
        SFR21            00A80-00AEF              70           1
        SFR22            00B00-00B6F              70           1
        SFR23            00B80-00BEF              70           1
        SFR24            00C00-00C6F              70           1
        SFR25            00C80-00CEF              70           1
        SFR26            00D00-00D6F              70           1
        SFR27            00D80-00DEF              70           1
        SFR28            00E00-00E6F              70           1
        SFR29            00E80-00EEF              70           1
        SFR3             00180-0019F              20           1
        SFR30            00F00-00F6F              70           1
        SFR31            00F80-00FEF              70           1
        SFR4             00200-0021F              20           1
        SFR5             00280-0029F              20           1
        SFR6             00300-0031F              20           1
        SFR7             00380-0039F              20           1
        SFR8             00400-0041F              20           1
        SFR9             00480-0049F              20           1
        STACK            02180-0226F              F0           1
        STRCODE          00002-00003               2           2
                         007FA-00808               F
                         010D1-010D2               2
                         01800-01F03             704
        STRING           00002-00003               2           2
                         007FA-00808               6
                         010D1-010D2               2
                         01800-01F03             100

                                  Symbol Table

?___awdiv                     cstackBANK0  00023
?___awmod                     cstackBANK0  00023
?___wmul                      cstackBANK0  00023
?_check_Pos                   cstackBANK0  00023
?i1___wmul                    cstackCOMMON 00070
Clear_Screen@i                cstackBANK0  00036
Clear_Screen@j                cstackBANK0  00035
Clear_Screen@value            cstackBANK0  00032
Display_Char@F6426            dataBANK1    000E6
Display_Char@addresses        cstackBANK0  00036
Display_Char@data             cstackBANK0  00032
Display_Char@i                cstackBANK0  0003A
Display_Char@x                cstackBANK0  0003C
Display_Char@y                cstackBANK0  00033
Display_Chars@F6420           dataBANK1    000EA
Display_Chars@addresses       cstackBANK0  00037
Display_Chars@i               cstackBANK0  0003B
Display_Chars@string          cstackBANK0  00032
Display_Chars@x               cstackBANK0  0003D
Display_Chars@y               cstackBANK0  00034
Write_Com@com                 cstackBANK0  00030
Write_Data@dat                cstackBANK0  00030
_ANSELA                       (abs)        0018C
_ANSELB                       (abs)        0018D
_Clear_Screen                 text21       0151A
_Display_Char                 text17       012BE
_Display_Chars                text33       0146C
_INTCONbits                   (abs)        0000B
_ISR                          intentry     00004
_LATA                         (abs)        0010C
_LATC                         (abs)        0010E
_OPTION_REGbits               (abs)        00095
_OSCCON                       (abs)        00099
_PIE1                         (abs)        00091
_PIR1                         (abs)        00011
_PORTA                        (abs)        0000C
_PORTC                        (abs)        0000E
_PR2                          (abs)        0001B
_RB0                          (abs)        00068
_RB1                          (abs)        00069
_RB2                          (abs)        0006A
_RB3                          (abs)        0006B
_RB5                          (abs)        0006D
_RC0                          (abs)        00070
_RC1                          (abs)        00071
_RC2                          (abs)        00072
_RC3                          (abs)        00073
_RC4                          (abs)        00074
_RC5                          (abs)        00075
_T2CONbits                    (abs)        0001C
_TMR2                         (abs)        0001A
_TMR2IF                       (abs)        00089
_TRISA                        (abs)        0008C
_TRISB                        (abs)        0008D
_TRISBbits                    (abs)        0008D
_TRISC                        (abs)        0008E
_WPUBbits                     (abs)        0020D
_WPUC                         (abs)        0020E
_Write_Com                    text36       01F34
_Write_Data                   text34       01F43
__CFG_BOREN$ON                (abs)        00000
__CFG_BORV$LO                 (abs)        00000
__CFG_CLKOUTEN$OFF            (abs)        00000
__CFG_CP$OFF                  (abs)        00000
__CFG_FCMEN$ON                (abs)        00000
__CFG_FOSC$INTOSC             (abs)        00000
__CFG_IESO$ON                 (abs)        00000
__CFG_LPBOR$OFF               (abs)        00000
__CFG_LVP$ON                  (abs)        00000
__CFG_MCLRE$ON                (abs)        00000
__CFG_PLLEN$ON                (abs)        00000
__CFG_PWRTE$OFF               (abs)        00000
__CFG_STVREN$ON               (abs)        00000
__CFG_WDTE$OFF                (abs)        00000
__CFG_WRT$OFF                 (abs)        00000
__Habs1                       abs1         00000
__Hbank0                      bank0        00000
__Hbank1                      bank1        00000
__Hbank10                     bank10       00000
__Hbank11                     bank11       00000
__Hbank12                     bank12       00000
__Hbank13                     bank13       00000
__Hbank14                     bank14       00000
__Hbank15                     bank15       00000
__Hbank16                     bank16       00000
__Hbank17                     bank17       00000
__Hbank18                     bank18       00000
__Hbank19                     bank19       00000
__Hbank2                      bank2        00000
__Hbank20                     bank20       00000
__Hbank21                     bank21       00000
__Hbank22                     bank22       00000
__Hbank23                     bank23       00000
__Hbank24                     bank24       00000
__Hbank25                     bank25       00000
__Hbank26                     bank26       00000
__Hbank27                     bank27       00000
__Hbank28                     bank28       00000
__Hbank29                     bank29       00000
__Hbank3                      bank3        00000
__Hbank30                     bank30       00000
__Hbank31                     bank31       00000
__Hbank4                      bank4        00000
__Hbank5                      bank5        00000
__Hbank6                      bank6        00000
__Hbank7                      bank7        00000
__Hbank8                      bank8        00000
__Hbank9                      bank9        00000
__Hbigram                     bigram       00000
__HbssBANK0                   bssBANK0     00000
__HbssBANK1                   bssBANK1     00000
__HbssBANK2                   bssBANK2     00000
__HbssBANK4                   bssBANK4     00000
__Hcinit                      cinit        00086
__Hclrtext                    clrtext      00000
__Hcode                       code         00000
__Hcommon                     common       00000
__Hconfig                     config       08009
__HcstackBANK0                cstackBANK0  00000
__HcstackBANK3                cstackBANK3  00000
__HcstackCOMMON               cstackCOMMON 00000
__HdataBANK1                  dataBANK1    00000
__HdataBANK2                  dataBANK2    00000
__HdataBANK3                  dataBANK3    00000
__Heeprom_data                eeprom_data  00000
__Hend_init                   end_init     00024
__Hfunctab                    functab      00000
__HidataBANK1                 idataBANK1   00000
__HidataBANK2                 idataBANK2   00000
__HidataBANK3                 idataBANK3   00000
__HidataBIGRAM                idataBIGRAM  00000
__Hidloc                      idloc        00000
__Hinit                       init         00022
__Hinittext                   inittext     00000
__Hintentry                   intentry     00022
__Hmaintext                   maintext     00000
__Hpowerup                    powerup      00000
__Hram                        ram          00000
__Hreset_vec                  reset_vec    00002
__Hsfr0                       sfr0         00000
__Hsfr1                       sfr1         00000
__Hsfr10                      sfr10        00000
__Hsfr11                      sfr11        00000
__Hsfr12                      sfr12        00000
__Hsfr13                      sfr13        00000
__Hsfr14                      sfr14        00000
__Hsfr15                      sfr15        00000
__Hsfr16                      sfr16        00000
__Hsfr17                      sfr17        00000
__Hsfr18                      sfr18        00000
__Hsfr19                      sfr19        00000
__Hsfr2                       sfr2         00000
__Hsfr20                      sfr20        00000
__Hsfr21                      sfr21        00000
__Hsfr22                      sfr22        00000
__Hsfr23                      sfr23        00000
__Hsfr24                      sfr24        00000
__Hsfr25                      sfr25        00000
__Hsfr26                      sfr26        00000
__Hsfr27                      sfr27        00000
__Hsfr28                      sfr28        00000
__Hsfr29                      sfr29        00000
__Hsfr3                       sfr3         00000
__Hsfr30                      sfr30        00000
__Hsfr31                      sfr31        00000
__Hsfr4                       sfr4         00000
__Hsfr5                       sfr5         00000
__Hsfr6                       sfr6         00000
__Hsfr7                       sfr7         00000
__Hsfr8                       sfr8         00000
__Hsfr9                       sfr9         00000
__Hspace_0                    (abs)        08009
__Hspace_1                    (abs)        00260
__Hspace_2                    (abs)        00000
__Hspace_3                    (abs)        00000
__Hstack                      stack        00000
__Hstrings                    strings      00000
__Hstringtext                 stringtext   00000
__Htext                       text         00000
__Labs1                       abs1         00000
__Lbank0                      bank0        00000
__Lbank1                      bank1        00000
__Lbank10                     bank10       00000
__Lbank11                     bank11       00000
__Lbank12                     bank12       00000
__Lbank13                     bank13       00000
__Lbank14                     bank14       00000
__Lbank15                     bank15       00000
__Lbank16                     bank16       00000
__Lbank17                     bank17       00000
__Lbank18                     bank18       00000
__Lbank19                     bank19       00000
__Lbank2                      bank2        00000
__Lbank20                     bank20       00000
__Lbank21                     bank21       00000
__Lbank22                     bank22       00000
__Lbank23                     bank23       00000
__Lbank24                     bank24       00000
__Lbank25                     bank25       00000
__Lbank26                     bank26       00000
__Lbank27                     bank27       00000
__Lbank28                     bank28       00000
__Lbank29                     bank29       00000
__Lbank3                      bank3        00000
__Lbank30                     bank30       00000
__Lbank31                     bank31       00000
__Lbank4                      bank4        00000
__Lbank5                      bank5        00000
__Lbank6                      bank6        00000
__Lbank7                      bank7        00000
__Lbank8                      bank8        00000
__Lbank9                      bank9        00000
__Lbigram                     bigram       00000
__LbssBANK0                   bssBANK0     00000
__LbssBANK1                   bssBANK1     00000
__LbssBANK2                   bssBANK2     00000
__LbssBANK4                   bssBANK4     00000
__Lcinit                      cinit        00024
__Lclrtext                    clrtext      00000
__Lcode                       code         00000
__Lcommon                     common       00000
__Lconfig                     config       08007
__LcstackBANK0                cstackBANK0  00000
__LcstackBANK3                cstackBANK3  00000
__LcstackCOMMON               cstackCOMMON 00000
__LdataBANK1                  dataBANK1    00000
__LdataBANK2                  dataBANK2    00000
__LdataBANK3                  dataBANK3    00000
__Leeprom_data                eeprom_data  00000
__Lend_init                   end_init     00022
__Lfunctab                    functab      00000
__LidataBANK1                 idataBANK1   00000
__LidataBANK2                 idataBANK2   00000
__LidataBANK3                 idataBANK3   00000
__LidataBIGRAM                idataBIGRAM  00000
__Lidloc                      idloc        00000
__Linit                       init         00022
__Linittext                   inittext     00000
__Lintentry                   intentry     00004
__Lmaintext                   maintext     00000
__Lpowerup                    powerup      00000
__Lram                        ram          00000
__Lreset_vec                  reset_vec    00000
__Lsfr0                       sfr0         00000
__Lsfr1                       sfr1         00000
__Lsfr10                      sfr10        00000
__Lsfr11                      sfr11        00000
__Lsfr12                      sfr12        00000
__Lsfr13                      sfr13        00000
__Lsfr14                      sfr14        00000
__Lsfr15                      sfr15        00000
__Lsfr16                      sfr16        00000
__Lsfr17                      sfr17        00000
__Lsfr18                      sfr18        00000
__Lsfr19                      sfr19        00000
__Lsfr2                       sfr2         00000
__Lsfr20                      sfr20        00000
__Lsfr21                      sfr21        00000
__Lsfr22                      sfr22        00000
__Lsfr23                      sfr23        00000
__Lsfr24                      sfr24        00000
__Lsfr25                      sfr25        00000
__Lsfr26                      sfr26        00000
__Lsfr27                      sfr27        00000
__Lsfr28                      sfr28        00000
__Lsfr29                      sfr29        00000
__Lsfr3                       sfr3         00000
__Lsfr30                      sfr30        00000
__Lsfr31                      sfr31        00000
__Lsfr4                       sfr4         00000
__Lsfr5                       sfr5         00000
__Lsfr6                       sfr6         00000
__Lsfr7                       sfr7         00000
__Lsfr8                       sfr8         00000
__Lsfr9                       sfr9         00000
__Lspace_0                    (abs)        00000
__Lspace_1                    (abs)        00000
__Lspace_2                    (abs)        00000
__Lspace_3                    (abs)        00000
__Lstack                      stack        00000
__Lstrings                    strings      00000
__Lstringtext                 stringtext   00000
__Ltext                       text         00000
__S0                          (abs)        08009
__S1                          (abs)        00260
__S2                          (abs)        00000
__S3                          (abs)        00000
___awdiv                      text30       0141A
___awdiv@counter              cstackBANK0  00028
___awdiv@dividend             cstackBANK0  00025
___awdiv@divisor              cstackBANK0  00023
___awdiv@quotient             cstackBANK0  0002A
___awdiv@sign                 cstackBANK0  00029
___awmod                      text29       01345
___awmod@counter              cstackBANK0  00028
___awmod@dividend             cstackBANK0  00025
___awmod@divisor              cstackBANK0  00023
___awmod@sign                 cstackBANK0  00029
___bmul                       text32       01F62
___bmul@multiplicand          cstackBANK0  00023
___bmul@multiplier            cstackBANK0  00026
___bmul@product               cstackBANK0  00025
___int_sp                     stack        00000
___latbits                    (abs)        00002
___sp                         stack        00000
___wmul                       text38       01FC4
___wmul@multiplicand          cstackBANK0  00025
___wmul@multiplier            cstackBANK0  00023
___wmul@product               cstackBANK0  00027
__end_of_Clear_Screen         text21       01577
__end_of_Display_Char         text17       01300
__end_of_Display_Chars        text33       014C2
__end_of_ISR                  intentry     00022
__end_of_Write_Com            text36       01F43
__end_of_Write_Data           text34       01F52
__end_of___awdiv              text30       0146C
__end_of___awmod              text29       0138B
__end_of___bmul               text32       01F74
__end_of___wmul               text38       01FE0
__end_of__initialization      cinit        00082
__end_of_change_near          text10       01760
__end_of_check_Pos            text27       01F34
__end_of_check_if_complete    text12       01216
__end_of_check_point          text31       00CF2
__end_of_choose               text9        00944
__end_of_choose_level2        text6        00BEB
__end_of_choose_point         text22       01000
__end_of_delay_100us          text37       0111A
__end_of_draw_heibaiqi_right  text14       00A14
__end_of_draw_wayout_right    text5        007FA
__end_of_get_X_Addr           text26       011E4
__end_of_get_Y_Addr           text25       01345
__end_of_get_key              text40       011B8
__end_of_heibaiqi             text15       00394
__end_of_if_in_table          text11       02000
__end_of_init_cfg             text35       0164D
__end_of_init_environment     text19       01F8E
__end_of_init_heibaiqi        text13       00881
__end_of_init_wayout          text4        00AF8
__end_of_int2string           text28       0141A
__end_of_judge_result         text18       015DE
__end_of_main                 maintext     01F62
__end_of_memset               text20       01FC4
__end_of_readFromTable        text24       0151A
__end_of_read_key             text43       01166
__end_of_run_game             text2        016D2
__end_of_set_menu             text16       0113F
__end_of_set_point            text23       01800
__end_of_start_video          text1        0118E
__end_of_wayout               text3        00692
__end_of_wayout_display1      text8        0124A
__end_of_wayout_display2      text7        0127E
__end_ofi1___wmul             text42       01FA9
__end_ofi1_delay_100us        text41       010F5
__initialization              cinit        00024
__pbssBANK0                   bssBANK0     00064
__pbssBANK1                   bssBANK1     000A0
__pbssBANK2                   bssBANK2     00166
__pbssBANK4                   bssBANK4     00220
__pcstackBANK0                cstackBANK0  00020
__pcstackBANK3                cstackBANK3  001E0
__pcstackCOMMON               cstackCOMMON 00070
__pdataBANK1                  dataBANK1    000E6
__pdataBANK2                  dataBANK2    00120
__pdataBANK3                  dataBANK3    001A0
__pdataBIGRAM                 (abs)        02270
__pidataBANK1                 idataBANK1   01F04
__pidataBANK2                 idataBANK2   0138B
__pidataBANK3                 idataBANK3   0127E
__pidataBIGRAM                idataBIGRAM  00CF2
__pintentry                   intentry     00004
__pmaintext                   maintext     01F52
__pstringtext                 stringtext   01000
__ptext1                      text1        01166
__ptext10                     text10       016D2
__ptext11                     text11       01FE0
__ptext12                     text12       011E4
__ptext13                     text13       00809
__ptext14                     text14       00944
__ptext15                     text15       00086
__ptext16                     text16       0111A
__ptext17                     text17       012BE
__ptext18                     text18       01577
__ptext19                     text19       01F74
__ptext2                      text2        0164D
__ptext20                     text20       01FA9
__ptext21                     text21       0151A
__ptext22                     text22       00E72
__ptext23                     text23       01760
__ptext24                     text24       014C2
__ptext25                     text25       01300
__ptext26                     text26       011B8
__ptext27                     text27       01F26
__ptext28                     text28       013D1
__ptext29                     text29       01345
__ptext3                      text3        00394
__ptext30                     text30       0141A
__ptext31                     text31       00BEB
__ptext32                     text32       01F62
__ptext33                     text33       0146C
__ptext34                     text34       01F43
__ptext35                     text35       015DE
__ptext36                     text36       01F34
__ptext37                     text37       010F5
__ptext38                     text38       01FC4
__ptext4                      text4        00A14
__ptext40                     text40       0118E
__ptext41                     text41       010D3
__ptext42                     text42       01F8E
__ptext43                     text43       0113F
__ptext5                      text5        00692
__ptext6                      text6        00AF8
__ptext7                      text7        0124A
__ptext8                      text8        01216
__ptext9                      text9        00881
__size_of_Clear_Screen        (abs)        00000
__size_of_Display_Char        (abs)        00000
__size_of_Display_Chars       (abs)        00000
__size_of_ISR                 (abs)        00000
__size_of_Write_Com           (abs)        00000
__size_of_Write_Data          (abs)        00000
__size_of___awdiv             (abs)        00000
__size_of___awmod             (abs)        00000
__size_of___bmul              (abs)        00000
__size_of___wmul              (abs)        00000
__size_of_change_near         (abs)        00000
__size_of_check_Pos           (abs)        00000
__size_of_check_if_complete   (abs)        00000
__size_of_check_point         (abs)        00000
__size_of_choose              (abs)        00000
__size_of_choose_level2       (abs)        00000
__size_of_choose_point        (abs)        00000
__size_of_delay_100us         (abs)        00000
__size_of_draw_heibaiqi_right (abs)        00000
__size_of_draw_wayout_right   (abs)        00000
__size_of_get_X_Addr          (abs)        00000
__size_of_get_Y_Addr          (abs)        00000
__size_of_get_key             (abs)        00000
__size_of_heibaiqi            (abs)        00000
__size_of_if_in_table         (abs)        00000
__size_of_init_cfg            (abs)        00000
__size_of_init_environment    (abs)        00000
__size_of_init_heibaiqi       (abs)        00000
__size_of_init_wayout         (abs)        00000
__size_of_int2string          (abs)        00000
__size_of_judge_result        (abs)        00000
__size_of_main                (abs)        00000
__size_of_memset              (abs)        00000
__size_of_readFromTable       (abs)        00000
__size_of_read_key            (abs)        00000
__size_of_run_game            (abs)        00000
__size_of_set_menu            (abs)        00000
__size_of_set_point           (abs)        00000
__size_of_start_video         (abs)        00000
__size_of_wayout              (abs)        00000
__size_of_wayout_display1     (abs)        00000
__size_of_wayout_display2     (abs)        00000
__size_ofi1___wmul            (abs)        00000
__size_ofi1_delay_100us       (abs)        00000
_arrow                        bssBANK0     00067
_black_num                    bssBANK0     00068
_change_near                  text10       016D2
_check_Pos                    text27       01F26
_check_if_complete            text12       011E4
_check_point                  text31       00BEB
_choose                       text9        00881
_choose_empty                 dataBANK2    0013E
_choose_first                 dataBANK2    00146
_choose_level2                text6        00AF8
_choose_point                 text22       00E72
_choose_second                dataBANK2    0014E
_delay_100us                  text37       010F5
_display_black                dataBANK2    00120
_display_step                 dataBANK2    0012A
_display_white                dataBANK2    00134
_draw_heibaiqi_right          text14       00944
_draw_wayout_right            text5        00692
_empty                        bssBANK2     00166
_empty_num                    bssBANK1     000A0
_first_chess                  dataBANK2    00156
_get_X_Addr                   text26       011B8
_get_Y_Addr                   text25       01300
_get_Y_Addr$456               cstackBANK0  00032
_get_Y_Addr$457               cstackBANK0  00034
_get_key                      text40       0118E
_heibaiqi                     text15       00086
_if_in_table                  text11       01FE0
_init_cfg                     text35       015DE
_init_environment             text19       01F74
_init_heibaiqi                text13       00809
_init_wayout                  text4        00A14
_int2string                   text28       013D1
_judge_result                 text18       01577
_key                          bssBANK0     00069
_level                        (abs)        02270
_level_num                    bssBANK0     0006A
_main                         maintext     01F52
_memset                       text20       01FA9
_player                       bssBANK1     000A1
_readFromTable                text24       014C2
_read_key                     text43       0113F
_result                       bssBANK1     000A2
_run_game                     text2        0164D
_screen                       dataBANK3    001B0
_second_chess                 dataBANK2    0015E
_set_menu                     text16       0111A
_set_point                    text23       01760
_start                        bssBANK1     000A3
_start_video                  text1        01166
_table                        bssBANK1     000A6
_temp_cursor                  bssBANK0     00064
_temp_key                     bssBANK1     000A4
_total_step                   bssBANK1     000A5
_towards                      dataBANK3    001A0
_wayout                       text3        00394
_wayout_display1              text8        01216
_wayout_display2              text7        0124A
_white_num                    bssBANK0     0006B
btemp                         (abs)        0007E
change_near@k                 cstackBANK0  00045
change_near@l                 cstackBANK0  00047
check_Pos@result              cstackBANK0  00026
check_Pos@y                   cstackBANK0  00023
check_if_complete@i           cstackBANK0  00026
check_if_complete@j           cstackBANK0  00027
check_point@add_col           cstackBANK0  00039
check_point@add_row           cstackBANK0  00038
check_point@col               cstackBANK0  00029
check_point@flag              cstackBANK0  0003B
check_point@i                 cstackBANK0  0003C
check_point@j                 cstackBANK0  0003A
check_point@oppo              cstackBANK0  00035
check_point@ply               cstackBANK0  0002A
check_point@result            cstackBANK0  00034
check_point@row               cstackBANK0  00037
check_point@temp              cstackBANK0  00036
choose@i                      cstackBANK0  00050
choose@j                      cstackBANK0  00052
choose_level2@max_level3      cstackBANK0  00041
choose_level2@offset          cstackBANK0  00045
choose_level2@step            cstackBANK0  00042
choose_level2@tag             cstackBANK0  00043
choose_point@col              cstackBANK0  00045
choose_point@i                cstackBANK0  00055
choose_point@j                cstackBANK0  00057
choose_point@ply              cstackBANK0  00046
choose_point@result           cstackBANK0  00051
choose_point@right            cstackBANK0  00053
choose_point@row              cstackBANK0  00056
choose_point@temp             cstackBANK0  00052
choose_point@up               cstackBANK0  00054
clear_ram0                    clrtext      01F0E
delay_100us@cnt               cstackBANK0  00029
delay_100us@h                 cstackBANK0  0002E
delay_100us@i                 cstackBANK0  0002C
draw_heibaiqi_right@i         cstackBANK0  00041
draw_heibaiqi_right@j         cstackBANK0  00040
draw_wayout_right@i           cstackBANK0  00043
draw_wayout_right@j           cstackBANK0  00042
draw_wayout_right@level       cstackBANK0  0003E
end_of_initialization         cinit        00082
get_X_Addr@addr               cstackBANK0  00025
get_X_Addr@x                  cstackBANK0  00026
get_X_Addr@y                  cstackBANK0  00023
get_Y_Addr@F6431              dataBANK1    000EE
get_Y_Addr@addr               cstackBANK0  00037
get_Y_Addr@addr_Offset        cstackBANK0  00038
get_Y_Addr@addresses          cstackBANK0  0002F
get_Y_Addr@init_Addr          cstackBANK0  00036
get_Y_Addr@x                  cstackBANK0  00031
get_Y_Addr@y                  cstackBANK0  0002C
get_key@last_key              cstackBANK0  00020
i1___wmul                     text42       01F8E
i1___wmul@multiplicand        cstackCOMMON 00072
i1___wmul@multiplier          cstackCOMMON 00070
i1___wmul@product             cstackCOMMON 00074
i1_delay_100us                text41       010D3
i1delay_100us@cnt             cstackCOMMON 00076
i1delay_100us@h               cstackCOMMON 0007B
i1delay_100us@i               cstackCOMMON 00079
if_in_table@i                 cstackBANK0  00023
if_in_table@j                 cstackBANK0  00025
init_ram                      inittext     01F1A
init_wayout@i                 cstackBANK0  00056
init_wayout@j                 cstackBANK0  00058
init_wayout@level_num         cstackBANK0  00055
int$flags                     (abs)        0007E
int2string@a                  cstackBANK0  00034
int2string@begin              cstackBANK0  0002C
int2string@i                  cstackBANK0  00032
int2string@num                cstackBANK0  0002D
intlevel0                     functab      00000
intlevel1                     functab      00000
intlevel2                     functab      00000
intlevel3                     functab      00000
intlevel4                     functab      00000
intlevel5                     functab      00000
judge_result@col              cstackBANK0  00043
judge_result@player           cstackBANK0  00040
judge_result@result           cstackBANK0  00041
judge_result@row              cstackBANK0  00042
ltemp                         (abs)        0007E
ltemp0                        (abs)        0007E
ltemp1                        (abs)        00082
ltemp2                        (abs)        00086
ltemp3                        (abs)        00080
memset@c                      cstackBANK0  00023
memset@n                      cstackBANK0  00025
memset@p                      cstackBANK0  00028
memset@p1                     cstackBANK0  00029
readFromTable@offset          cstackBANK0  00024
readFromTable@x               cstackBANK0  0002D
readFromTable@y               cstackBANK0  00023
reset_vec                     reset_vec    00000
set_point@i                   cstackBANK0  00043
set_point@init_X_Addr         cstackBANK0  00040
set_point@init_Y_Addr         cstackBANK0  00041
set_point@is_Offset_Pos       cstackBANK0  0003E
set_point@point_x             cstackBANK0  00042
set_point@point_y             cstackBANK0  00039
set_point@value               cstackBANK0  0003A
stackhi                       (abs)        0226F
stacklo                       (abs)        02180
start                         init         00022
start_initialization          cinit        00024
ttemp                         (abs)        0007E
ttemp0                        (abs)        0007E
ttemp1                        (abs)        00081
ttemp2                        (abs)        00084
ttemp3                        (abs)        00087
ttemp4                        (abs)        0007F
wtemp                         (abs)        0007E
wtemp0                        (abs)        0007E
wtemp1                        (abs)        00080
wtemp2                        (abs)        00082
wtemp3                        (abs)        00084
wtemp4                        (abs)        00086
wtemp5                        (abs)        00088
wtemp6                        (abs)        0007F


FUNCTION INFORMATION:

 *************** function _main *****************
 Defined at:
		line 33 in file "main.c"
 Parameters:    Size  Location     Type
  argc            2    0[BANK3 ] int 
  argv            2    2[BANK3 ] PTR PTR unsigned char 
 Auto vars:     Size  Location     Type
		None
 Return value:  Size  Location     Type
                  2    0[BANK3 ] int 
 Registers used:
		wreg, fsr0l, fsr0h, fsr1l, fsr1h, status,2, status,0, pclath, cstack
 Tracked objects:
		On entry : 
		On exit  : 
		Unchanged: 
 Data sizes:     COMMON   BANK0   BANK1   BANK2   BANK3   BANK4   BANK5   BANK6   BANK7   BANK8   BANK9  BANK10  BANK11  BANK12
      Params:         0       0       0       0       4       0       0       0       0       0       0       0       0       0
      Locals:         0       0       0       0       0       0       0       0       0       0       0       0       0       0
      Temps:          0       0       0       0       0       0       0       0       0       0       0       0       0       0
      Totals:         0       0       0       0       4       0       0       0       0       0       0       0       0       0
Total ram usage:        4 bytes
 Hardware stack levels required when called:   12
 This function calls:
		_init_cfg
		_init_environment
		_run_game
		_set_menu
		_start_video
 This function is called by:
		Startup code after reset
 This function uses a non-reentrant model


 *************** function _start_video *****************
 Defined at:
		line 300 in file "func.c"
 Parameters:    Size  Location     Type
		None
 Auto vars:     Size  Location     Type
		None
 Return value:  Size  Location     Type
                  1    wreg      void 
 Registers used:
		wreg, fsr0l, fsr0h, fsr1l, fsr1h, status,2, status,0, pclath, cstack
 Tracked objects:
		On entry : 
		On exit  : 
		Unchanged: 
 Data sizes:     COMMON   BANK0   BANK1   BANK2   BANK3   BANK4   BANK5   BANK6   BANK7   BANK8   BANK9  BANK10  BANK11  BANK12
      Params:         0       0       0       0       0       0       0       0       0       0       0       0       0       0
      Locals:         0       0       0       0       0       0       0       0       0       0       0       0       0       0
      Temps:          0       0       0       0       0       0       0       0       0       0       0       0       0       0
      Totals:         0       0       0       0       0       0       0       0       0       0       0       0       0       0
Total ram usage:        0 bytes
 Hardware stack levels used:    1
 Hardware stack levels required when called:    8
 This function calls:
		_Clear_Screen
		_Display_Chars
 This function is called by:
		_main
 This function uses a non-reentrant model


 *************** function _run_game *****************
 Defined at:
		line 429 in file "func.c"
 Parameters:    Size  Location     Type
		None
 Auto vars:     Size  Location     Type
		None
 Return value:  Size  Location     Type
                  1    wreg      void 
 Registers used:
		wreg, fsr0l, fsr0h, fsr1l, fsr1h, status,2, status,0, pclath, cstack
 Tracked objects:
		On entry : 
		On exit  : 
		Unchanged: 
 Data sizes:     COMMON   BANK0   BANK1   BANK2   BANK3   BANK4   BANK5   BANK6   BANK7   BANK8   BANK9  BANK10  BANK11  BANK12
      Params:         0       0       0       0       0       0       0       0       0       0       0       0       0       0
      Locals:         0       0       0       0       0       0       0       0       0       0       0       0       0       0
      Temps:          0       2       0       0       0       0       0       0       0       0       0       0       0       0
      Totals:         0       2       0       0       0       0       0       0       0       0       0       0       0       0
Total ram usage:        2 bytes
 Hardware stack levels used:    1
 Hardware stack levels required when called:   11
 This function calls:
		_Display_Char
		_Display_Chars
		_choose_level2
		_heibaiqi
		_init_heibaiqi
		_init_wayout
		_wayout
 This function is called by:
		_main
 This function uses a non-reentrant model


 *************** function _wayout *****************
 Defined at:
		line 237 in file "wayout.c"
 Parameters:    Size  Location     Type
		None
 Auto vars:     Size  Location     Type
		None
 Return value:  Size  Location     Type
                  1    wreg      void 
 Registers used:
		wreg, fsr0l, fsr0h, fsr1l, fsr1h, status,2, status,0, pclath, cstack
 Tracked objects:
		On entry : 
		On exit  : 
		Unchanged: 
 Data sizes:     COMMON   BANK0   BANK1   BANK2   BANK3   BANK4   BANK5   BANK6   BANK7   BANK8   BANK9  BANK10  BANK11  BANK12
      Params:         0       0       0       0       0       0       0       0       0       0       0       0       0       0
      Locals:         0       0       0       0       0       0       0       0       0       0       0       0       0       0
      Temps:          0       7       0       0       0       0       0       0       0       0       0       0       0       0
      Totals:         0       7       0       0       0       0       0       0       0       0       0       0       0       0
Total ram usage:        7 bytes
 Hardware stack levels used:    1
 Hardware stack levels required when called:   10
 This function calls:
		_Clear_Screen
		_Display_Chars
		_check_if_complete
		_choose
		_choose_level2
		_init_wayout
		_int2string
		_set_point
 This function is called by:
		_run_game
 This function uses a non-reentrant model


 *************** function _init_wayout *****************
 Defined at:
		line 218 in file "wayout.c"
 Parameters:    Size  Location     Type
  level_num       1    wreg     unsigned char 
 Auto vars:     Size  Location     Type
  level_num       1   53[BANK0 ] unsigned char 
  j               2   56[BANK0 ] int 
  i               2   54[BANK0 ] int 
 Return value:  Size  Location     Type
                  1    wreg      void 
 Registers used:
		wreg, fsr0l, fsr0h, fsr1l, fsr1h, status,2, status,0, pclath, cstack
 Tracked objects:
		On entry : 
		On exit  : 
		Unchanged: 
 Data sizes:     COMMON   BANK0   BANK1   BANK2   BANK3   BANK4   BANK5   BANK6   BANK7   BANK8   BANK9  BANK10  BANK11  BANK12
      Params:         0       0       0       0       0       0       0       0       0       0       0       0       0       0
      Locals:         0       5       0       0       0       0       0       0       0       0       0       0       0       0
      Temps:          0      16       0       0       0       0       0       0       0       0       0       0       0       0
      Totals:         0      21       0       0       0       0       0       0       0       0       0       0       0       0
Total ram usage:       21 bytes
 Hardware stack levels used:    1
 Hardware stack levels required when called:    9
 This function calls:
		_Clear_Screen
		_draw_wayout_right
		_set_point
 This function is called by:
		_run_game
		_wayout
 This function uses a non-reentrant model


 *************** function _draw_wayout_right *****************
 Defined at:
		line 3 in file "wayout.c"
 Parameters:    Size  Location     Type
  level           2   30[BANK0 ] int 
 Auto vars:     Size  Location     Type
  i               1   35[BANK0 ] unsigned char 
  j               1   34[BANK0 ] unsigned char 
 Return value:  Size  Location     Type
                  1    wreg      void 
 Registers used:
		wreg, fsr0l, fsr0h, fsr1l, fsr1h, status,2, status,0, pclath, cstack
 Tracked objects:
		On entry : 
		On exit  : 
		Unchanged: 
 Data sizes:     COMMON   BANK0   BANK1   BANK2   BANK3   BANK4   BANK5   BANK6   BANK7   BANK8   BANK9  BANK10  BANK11  BANK12
      Params:         0       2       0       0       0       0       0       0       0       0       0       0       0       0
      Locals:         0       2       0       0       0       0       0       0       0       0       0       0       0       0
      Temps:          0       2       0       0       0       0       0       0       0       0       0       0       0       0
      Totals:         0       6       0       0       0       0       0       0       0       0       0       0       0       0
Total ram usage:        6 bytes
 Hardware stack levels used:    1
 Hardware stack levels required when called:    8
 This function calls:
		_Display_Chars
		_Write_Com
		_Write_Data
		_delay_100us
		_int2string
 This function is called by:
		_init_wayout
 This function uses a non-reentrant model


 *************** function _choose_level2 *****************
 Defined at:
		line 149 in file "wayout.c"
 Parameters:    Size  Location     Type
		None
 Auto vars:     Size  Location     Type
  offset          2   37[BANK0 ] int 
  tag             2   35[BANK0 ] int 
  step            1   34[BANK0 ] unsigned char 
  max_level3      1   33[BANK0 ] unsigned char 
 Return value:  Size  Location     Type
                  1    wreg      unsigned char 
 Registers used:
		wreg, fsr0l, fsr0h, fsr1l, fsr1h, status,2, status,0, pclath, cstack
 Tracked objects:
		On entry : 
		On exit  : 
		Unchanged: 
 Data sizes:     COMMON   BANK0   BANK1   BANK2   BANK3   BANK4   BANK5   BANK6   BANK7   BANK8   BANK9  BANK10  BANK11  BANK12
      Params:         0       0       0       0       0       0       0       0       0       0       0       0       0       0
      Locals:         0       6       0       0       0       0       0       0       0       0       0       0       0       0
      Temps:          0       2       0       0       0       0       0       0       0       0       0       0       0       0
      Totals:         0       8       0       0       0       0       0       0       0       0       0       0       0       0
Total ram usage:        8 bytes
 Hardware stack levels used:    1
 Hardware stack levels required when called:    9
 This function calls:
		_Clear_Screen
		_Display_Char
		_Display_Chars
		_init_environment
		_set_menu
		_wayout_display1
		_wayout_display2
 This function is called by:
		_run_game
		_wayout
 This function uses a non-reentrant model


 *************** function _wayout_display2 *****************
 Defined at:
		line 141 in file "wayout.c"
 Parameters:    Size  Location     Type
		None
 Auto vars:     Size  Location     Type
		None
 Return value:  Size  Location     Type
                  1    wreg      void 
 Registers used:
		wreg, fsr0l, fsr0h, fsr1l, fsr1h, status,2, status,0, pclath, cstack
 Tracked objects:
		On entry : 
		On exit  : 
		Unchanged: 
 Data sizes:     COMMON   BANK0   BANK1   BANK2   BANK3   BANK4   BANK5   BANK6   BANK7   BANK8   BANK9  BANK10  BANK11  BANK12
      Params:         0       0       0       0       0       0       0       0       0       0       0       0       0       0
      Locals:         0       0       0       0       0       0       0       0       0       0       0       0       0       0
      Temps:          0       1       0       0       0       0       0       0       0       0       0       0       0       0
      Totals:         0       1       0       0       0       0       0       0       0       0       0       0       0       0
Total ram usage:        1 bytes
 Hardware stack levels used:    1
 Hardware stack levels required when called:    8
 This function calls:
		_Display_Chars
 This function is called by:
		_choose_level2
 This function uses a non-reentrant model


 *************** function _wayout_display1 *****************
 Defined at:
		line 134 in file "wayout.c"
 Parameters:    Size  Location     Type
		None
 Auto vars:     Size  Location     Type
		None
 Return value:  Size  Location     Type
                  1    wreg      void 
 Registers used:
		wreg, fsr0l, fsr0h, fsr1l, fsr1h, status,2, status,0, pclath, cstack
 Tracked objects:
		On entry : 
		On exit  : 
		Unchanged: 
 Data sizes:     COMMON   BANK0   BANK1   BANK2   BANK3   BANK4   BANK5   BANK6   BANK7   BANK8   BANK9  BANK10  BANK11  BANK12
      Params:         0       0       0       0       0       0       0       0       0       0       0       0       0       0
      Locals:         0       0       0       0       0       0       0       0       0       0       0       0       0       0
      Temps:          0       1       0       0       0       0       0       0       0       0       0       0       0       0
      Totals:         0       1       0       0       0       0       0       0       0       0       0       0       0       0
Total ram usage:        1 bytes
 Hardware stack levels used:    1
 Hardware stack levels required when called:    8
 This function calls:
		_Display_Chars
 This function is called by:
		_choose_level2
 This function uses a non-reentrant model


 *************** function _choose *****************
 Defined at:
		line 78 in file "wayout.c"
 Parameters:    Size  Location     Type
  i               2   48[BANK0 ] int 
  j               2   50[BANK0 ] int 
 Auto vars:     Size  Location     Type
		None
 Return value:  Size  Location     Type
                  1    wreg      unsigned char 
 Registers used:
		wreg, fsr1l, fsr1h, status,2, status,0, pclath, cstack
 Tracked objects:
		On entry : 
		On exit  : 
		Unchanged: 
 Data sizes:     COMMON   BANK0   BANK1   BANK2   BANK3   BANK4   BANK5   BANK6   BANK7   BANK8   BANK9  BANK10  BANK11  BANK12
      Params:         0       4       0       0       0       0       0       0       0       0       0       0       0       0
      Locals:         0       0       0       0       0       0       0       0       0       0       0       0       0       0
      Temps:          0       7       0       0       0       0       0       0       0       0       0       0       0       0
      Totals:         0      11       0       0       0       0       0       0       0       0       0       0       0       0
Total ram usage:       11 bytes
 Hardware stack levels used:    1
 Hardware stack levels required when called:    9
 This function calls:
		_change_near
		_if_in_table
		_set_point
 This function is called by:
		_wayout
 This function uses a non-reentrant model


 *************** function _change_near *****************
 Defined at:
		line 63 in file "wayout.c"
 Parameters:    Size  Location     Type
  k               2   37[BANK0 ] int 
  l               2   39[BANK0 ] int 
 Auto vars:     Size  Location     Type
		None
 Return value:  Size  Location     Type
                  1    wreg      void 
 Registers used:
		wreg, fsr1l, fsr1h, status,2, status,0, pclath, cstack
 Tracked objects:
		On entry : 
		On exit  : 
		Unchanged: 
 Data sizes:     COMMON   BANK0   BANK1   BANK2   BANK3   BANK4   BANK5   BANK6   BANK7   BANK8   BANK9  BANK10  BANK11  BANK12
      Params:         0       4       0       0       0       0       0       0       0       0       0       0       0       0
      Locals:         0       0       0       0       0       0       0       0       0       0       0       0       0       0
      Temps:          0       7       0       0       0       0       0       0       0       0       0       0       0       0
      Totals:         0      11       0       0       0       0       0       0       0       0       0       0       0       0
Total ram usage:       11 bytes
 Hardware stack levels used:    1
 Hardware stack levels required when called:    8
 This function calls:
		_if_in_table
		_set_point
 This function is called by:
		_choose
 This function uses a non-reentrant model


 *************** function _if_in_table *****************
 Defined at:
		line 55 in file "wayout.c"
 Parameters:    Size  Location     Type
  i               2    3[BANK0 ] int 
  j               2    5[BANK0 ] int 
 Auto vars:     Size  Location     Type
		None
 Return value:  Size  Location     Type
                  1    wreg      unsigned char 
 Registers used:
		wreg
 Tracked objects:
		On entry : 
		On exit  : 
		Unchanged: 
 Data sizes:     COMMON   BANK0   BANK1   BANK2   BANK3   BANK4   BANK5   BANK6   BANK7   BANK8   BANK9  BANK10  BANK11  BANK12
      Params:         0       4       0       0       0       0       0       0       0       0       0       0       0       0
      Locals:         0       0       0       0       0       0       0       0       0       0       0       0       0       0
      Temps:          0       1       0       0       0       0       0       0       0       0       0       0       0       0
      Totals:         0       5       0       0       0       0       0       0       0       0       0       0       0       0
Total ram usage:        5 bytes
 Hardware stack levels used:    1
 Hardware stack levels required when called:    4
 This function calls:
		Nothing
 This function is called by:
		_change_near
		_choose
 This function uses a non-reentrant model


 *************** function _check_if_complete *****************
 Defined at:
		line 99 in file "wayout.c"
 Parameters:    Size  Location     Type
		None
 Auto vars:     Size  Location     Type
  j               1    7[BANK0 ] unsigned char 
  i               1    6[BANK0 ] unsigned char 
 Return value:  Size  Location     Type
                  1    wreg      unsigned char 
 Registers used:
		wreg, fsr1l, fsr1h, status,2, status,0
 Tracked objects:
		On entry : 
		On exit  : 
		Unchanged: 
 Data sizes:     COMMON   BANK0   BANK1   BANK2   BANK3   BANK4   BANK5   BANK6   BANK7   BANK8   BANK9  BANK10  BANK11  BANK12
      Params:         0       0       0       0       0       0       0       0       0       0       0       0       0       0
      Locals:         0       2       0       0       0       0       0       0       0       0       0       0       0       0
      Temps:          0       3       0       0       0       0       0       0       0       0       0       0       0       0
      Totals:         0       5       0       0       0       0       0       0       0       0       0       0       0       0
Total ram usage:        5 bytes
 Hardware stack levels used:    1
 Hardware stack levels required when called:    4
 This function calls:
		Nothing
 This function is called by:
		_wayout
 This function uses a non-reentrant model


 *************** function _init_heibaiqi *****************
 Defined at:
		line 45 in file "heibaiqi.c"
 Parameters:    Size  Location     Type
		None
 Auto vars:     Size  Location     Type
		None
 Return value:  Size  Location     Type
                  1    wreg      void 
 Registers used:
		wreg, fsr0l, fsr0h, fsr1l, fsr1h, status,2, status,0, pclath, cstack
 Tracked objects:
		On entry : 
		On exit  : 
		Unchanged: 
 Data sizes:     COMMON   BANK0   BANK1   BANK2   BANK3   BANK4   BANK5   BANK6   BANK7   BANK8   BANK9  BANK10  BANK11  BANK12
      Params:         0       0       0       0       0       0       0       0       0       0       0       0       0       0
      Locals:         0       0       0       0       0       0       0       0       0       0       0       0       0       0
      Temps:          0       2       0       0       0       0       0       0       0       0       0       0       0       0
      Totals:         0       2       0       0       0       0       0       0       0       0       0       0       0       0
Total ram usage:        2 bytes
 Hardware stack levels used:    1
 Hardware stack levels required when called:    9
 This function calls:
		_Clear_Screen
		_draw_heibaiqi_right
		_memset
		_set_point
 This function is called by:
		_run_game
 This function uses a non-reentrant model


 *************** function _draw_heibaiqi_right *****************
 Defined at:
		line 3 in file "heibaiqi.c"
 Parameters:    Size  Location     Type
		None
 Auto vars:     Size  Location     Type
  i               1   33[BANK0 ] unsigned char 
  j               1   32[BANK0 ] unsigned char 
 Return value:  Size  Location     Type
                  1    wreg      void 
 Registers used:
		wreg, fsr0l, fsr0h, fsr1l, fsr1h, status,2, status,0, pclath, cstack
 Tracked objects:
		On entry : 
		On exit  : 
		Unchanged: 
 Data sizes:     COMMON   BANK0   BANK1   BANK2   BANK3   BANK4   BANK5   BANK6   BANK7   BANK8   BANK9  BANK10  BANK11  BANK12
      Params:         0       0       0       0       0       0       0       0       0       0       0       0       0       0
      Locals:         0       2       0       0       0       0       0       0       0       0       0       0       0       0
      Temps:          0       2       0       0       0       0       0       0       0       0       0       0       0       0
      Totals:         0       4       0       0       0       0       0       0       0       0       0       0       0       0
Total ram usage:        4 bytes
 Hardware stack levels used:    1
 Hardware stack levels required when called:    8
 This function calls:
		_Display_Chars
		_Write_Com
		_Write_Data
		_delay_100us
		_int2string
 This function is called by:
		_init_heibaiqi
 This function uses a non-reentrant model


 *************** function _heibaiqi *****************
 Defined at:
		line 252 in file "heibaiqi.c"
 Parameters:    Size  Location     Type
		None
 Auto vars:     Size  Location     Type
		None
 Return value:  Size  Location     Type
[...]
		line 4 in file "E:\xCB\sources\common\Umul8.c"
 Parameters:    Size  Location     Type
  multiplier      1    wreg     unsigned char 
  multiplicand    1    3[BANK0 ] unsigned char 
 Auto vars:     Size  Location     Type
  multiplier      1    6[BANK0 ] unsigned char 
  product         1    5[BANK0 ] unsigned char 
 Return value:  Size  Location     Type
                  1    wreg      unsigned char 
 Registers used:
		wreg, status,2, status,0
 Tracked objects:
		On entry : 
		On exit  : 
		Unchanged: 
 Data sizes:     COMMON   BANK0   BANK1   BANK2   BANK3   BANK4   BANK5   BANK6   BANK7   BANK8   BANK9  BANK10  BANK11  BANK12
      Params:         0       1       0       0       0       0       0       0       0       0       0       0       0       0
      Locals:         0       2       0       0       0       0       0       0       0       0       0       0       0       0
      Temps:          0       1       0       0       0       0       0       0       0       0       0       0       0       0
      Totals:         0       4       0       0       0       0       0       0       0       0       0       0       0       0
Total ram usage:        4 bytes
 Hardware stack levels used:    1
 Hardware stack levels required when called:    4
 This function calls:
		Nothing
 This function is called by:
		_check_point
		_choose_point
 This function uses a non-reentrant model


 *************** function _Display_Chars *****************
 Defined at:
		line 149 in file "func.c"
 Parameters:    Size  Location     Type
  x               1    wreg     unsigned char 
  string          2   18[BANK0 ] PTR unsigned char 
		 -> STR_33(19), STR_32(8), STR_31(2), STR_30(2), 
		 -> STR_29(8), STR_28(8), STR_27(8), STR_26(5), 
		 -> STR_25(4), STR_24(8), STR_23(8), STR_22(8), 
		 -> STR_21(8), STR_20(8), STR_19(8), STR_18(8), 
		 -> STR_17(8), STR_16(8), display_step(10), STR_15(2), 
		 -> STR_14(2), STR_13(7), STR_12(9), STR_11(13), 
		 -> STR_10(11), STR_9(11), STR_8(19), STR_7(8), 
		 -> STR_6(19), STR_5(10), STR_4(19), STR_3(10), 
		 -> STR_2(2), STR_1(2), display_white(10), display_black(10), 
  y               1   20[BANK0 ] unsigned char 
 Auto vars:     Size  Location     Type
  x               1   29[BANK0 ] unsigned char 
  addresses       4   23[BANK0 ] unsigned char [4]
  i               2   27[BANK0 ] int 
 Return value:  Size  Location     Type
                  1    wreg      void 
 Registers used:
		wreg, fsr0l, fsr0h, fsr1l, fsr1h, status,2, status,0, pclath, cstack
 Tracked objects:
		On entry : 
		On exit  : 
		Unchanged: 
 Data sizes:     COMMON   BANK0   BANK1   BANK2   BANK3   BANK4   BANK5   BANK6   BANK7   BANK8   BANK9  BANK10  BANK11  BANK12
      Params:         0       3       0       0       0       0       0       0       0       0       0       0       0       0
      Locals:         0       7       0       0       0       0       0       0       0       0       0       0       0       0
      Temps:          0       2       0       0       0       0       0       0       0       0       0       0       0       0
      Totals:         0      12       0       0       0       0       0       0       0       0       0       0       0       0
Total ram usage:       12 bytes
 Hardware stack levels used:    1
 Hardware stack levels required when called:    7
 This function calls:
		_Write_Com
		_Write_Data
 This function is called by:
		_draw_heibaiqi_right
		_choose_point
		_heibaiqi
		_start_video
		_set_menu
		_run_game
		_draw_wayout_right
		_wayout_display1
		_wayout_display2
		_choose_level2
		_wayout
 This function uses a non-reentrant model


 *************** function _Write_Data *****************
 Defined at:
		line 47 in file "func.c"
 Parameters:    Size  Location     Type
  dat             2   16[BANK0 ] int 
 Auto vars:     Size  Location     Type
		None
 Return value:  Size  Location     Type
                  1    wreg      void 
 Registers used:
		wreg, status,2, status,0, pclath, cstack
 Tracked objects:
		On entry : 
		On exit  : 
		Unchanged: 
 Data sizes:     COMMON   BANK0   BANK1   BANK2   BANK3   BANK4   BANK5   BANK6   BANK7   BANK8   BANK9  BANK10  BANK11  BANK12
      Params:         0       2       0       0       0       0       0       0       0       0       0       0       0       0
      Locals:         0       0       0       0       0       0       0       0       0       0       0       0       0       0
      Temps:          0       0       0       0       0       0       0       0       0       0       0       0       0       0
      Totals:         0       2       0       0       0       0       0       0       0       0       0       0       0       0
Total ram usage:        2 bytes
 Hardware stack levels used:    1
 Hardware stack levels required when called:    6
 This function calls:
		_delay_100us
 This function is called by:
		_draw_heibaiqi_right
		_Clear_Screen
		_Display_Chars
		_Display_Char
		_set_point
		_draw_wayout_right
 This function uses a non-reentrant model


 *************** function _init_cfg *****************
 Defined at:
		line 87 in file "func.c"
 Parameters:    Size  Location     Type
		None
 Auto vars:     Size  Location     Type
		None
 Return value:  Size  Location     Type
                  1    wreg      void 
 Registers used:
		wreg, status,2, status,0, pclath, cstack
 Tracked objects:
		On entry : 
		On exit  : 
		Unchanged: 
 Data sizes:     COMMON   BANK0   BANK1   BANK2   BANK3   BANK4   BANK5   BANK6   BANK7   BANK8   BANK9  BANK10  BANK11  BANK12
      Params:         0       0       0       0       0       0       0       0       0       0       0       0       0       0
      Locals:         0       0       0       0       0       0       0       0       0       0       0       0       0       0
      Temps:          0       0       0       0       0       0       0       0       0       0       0       0       0       0
      Totals:         0       0       0       0       0       0       0       0       0       0       0       0       0       0
Total ram usage:        0 bytes
 Hardware stack levels used:    1
 Hardware stack levels required when called:    7
 This function calls:
		_Write_Com
		_delay_100us
 This function is called by:
		_main
 This function uses a non-reentrant model


 *************** function _Write_Com *****************
 Defined at:
		line 59 in file "func.c"
 Parameters:    Size  Location     Type
  com             2   16[BANK0 ] int 
 Auto vars:     Size  Location     Type
		None
 Return value:  Size  Location     Type
                  1    wreg      void 
 Registers used:
		wreg, status,2, status,0, pclath, cstack
 Tracked objects:
		On entry : 
		On exit  : 
		Unchanged: 
 Data sizes:     COMMON   BANK0   BANK1   BANK2   BANK3   BANK4   BANK5   BANK6   BANK7   BANK8   BANK9  BANK10  BANK11  BANK12
      Params:         0       2       0       0       0       0       0       0       0       0       0       0       0       0
      Locals:         0       0       0       0       0       0       0       0       0       0       0       0       0       0
      Temps:          0       0       0       0       0       0       0       0       0       0       0       0       0       0
      Totals:         0       2       0       0       0       0       0       0       0       0       0       0       0       0
Total ram usage:        2 bytes
 Hardware stack levels used:    1
 Hardware stack levels required when called:    6
 This function calls:
		_delay_100us
 This function is called by:
		_draw_heibaiqi_right
		_init_cfg
		_Clear_Screen
		_Display_Chars
		_Display_Char
		_set_point
		_draw_wayout_right
 This function uses a non-reentrant model


 *************** function _delay_100us *****************
 Defined at:
		line 11 in file "func.c"
 Parameters:    Size  Location     Type
  cnt             2    9[BANK0 ] int 
 Auto vars:     Size  Location     Type
  h               2   14[BANK0 ] int 
  i               2   12[BANK0 ] int 
 Return value:  Size  Location     Type
                  1    wreg      void 
 Registers used:
		wreg, status,2, status,0, pclath, cstack
 Tracked objects:
		On entry : 
		On exit  : 
		Unchanged: 
 Data sizes:     COMMON   BANK0   BANK1   BANK2   BANK3   BANK4   BANK5   BANK6   BANK7   BANK8   BANK9  BANK10  BANK11  BANK12
      Params:         0       2       0       0       0       0       0       0       0       0       0       0       0       0
      Locals:         0       4       0       0       0       0       0       0       0       0       0       0       0       0
      Temps:          0       1       0       0       0       0       0       0       0       0       0       0       0       0
      Totals:         0       7       0       0       0       0       0       0       0       0       0       0       0       0
Total ram usage:        7 bytes
 Hardware stack levels used:    1
 Hardware stack levels required when called:    5
 This function calls:
		___wmul
 This function is called by:
		_draw_heibaiqi_right
		_Write_Data
		_Write_Com
		_init_cfg
		_Clear_Screen
		_draw_wayout_right
		_music_delay
		_little_star
		_music
 This function uses a non-reentrant model


 *************** function ___wmul *****************
 Defined at:
		line 15 in file "E:\xCB\sources\common\Umul16.c"
 Parameters:    Size  Location     Type
  multiplier      2    3[BANK0 ] unsigned int 
  multiplicand    2    5[BANK0 ] unsigned int 
 Auto vars:     Size  Location     Type
  product         2    7[BANK0 ] unsigned int 
 Return value:  Size  Location     Type
                  2    3[BANK0 ] unsigned int 
 Registers used:
		wreg, status,2, status,0
 Tracked objects:
		On entry : 
		On exit  : 
		Unchanged: 
 Data sizes:     COMMON   BANK0   BANK1   BANK2   BANK3   BANK4   BANK5   BANK6   BANK7   BANK8   BANK9  BANK10  BANK11  BANK12
      Params:         0       4       0       0       0       0       0       0       0       0       0       0       0       0
      Locals:         0       2       0       0       0       0       0       0       0       0       0       0       0       0
      Temps:          0       0       0       0       0       0       0       0       0       0       0       0       0       0
      Totals:         0       6       0       0       0       0       0       0       0       0       0       0       0       0
Total ram usage:        6 bytes
 Hardware stack levels used:    1
 Hardware stack levels required when called:    4
 This function calls:
		Nothing
 This function is called by:
		_check_point
		_choose_point
		_delay_100us
 This function uses a non-reentrant model


 *************** function _ISR *****************
 Defined at:
		line 9 in file "main.c"
 Parameters:    Size  Location     Type
		None
 Auto vars:     Size  Location     Type
		None
 Return value:  Size  Location     Type
                  1    wreg      void 
 Registers used:
		wreg, status,2, status,0, pclath, cstack
 Tracked objects:
		On entry : 
		On exit  : 
		Unchanged: 
 Data sizes:     COMMON   BANK0   BANK1   BANK2   BANK3   BANK4   BANK5   BANK6   BANK7   BANK8   BANK9  BANK10  BANK11  BANK12
      Params:         0       0       0       0       0       0       0       0       0       0       0       0       0       0
      Locals:         0       0       0       0       0       0       0       0       0       0       0       0       0       0
      Temps:          0       2       0       0       0       0       0       0       0       0       0       0       0       0
      Totals:         0       2       0       0       0       0       0       0       0       0       0       0       0       0
Total ram usage:        2 bytes
 Hardware stack levels used:    1
 Hardware stack levels required when called:    3
 This function calls:
		_get_key
		i1_delay_100us
 This function is called by:
		Interrupt level 1
 This function uses a non-reentrant model


 *************** function _get_key *****************
 Defined at:
		line 391 in file "func.c"
 Parameters:    Size  Location     Type
		None
 Auto vars:     Size  Location     Type
  last_key        1    0[BANK0 ] unsigned char 
 Return value:  Size  Location     Type
                  1    wreg      unsigned char 
 Registers used:
		wreg, status,2, status,0, pclath, cstack
 Tracked objects:
		On entry : 
		On exit  : 
		Unchanged: 
 Data sizes:     COMMON   BANK0   BANK1   BANK2   BANK3   BANK4   BANK5   BANK6   BANK7   BANK8   BANK9  BANK10  BANK11  BANK12
      Params:         0       0       0       0       0       0       0       0       0       0       0       0       0       0
      Locals:         0       1       0       0       0       0       0       0       0       0       0       0       0       0
      Temps:          1       0       0       0       0       0       0       0       0       0       0       0       0       0
      Totals:         1       1       0       0       0       0       0       0       0       0       0       0       0       0
Total ram usage:        2 bytes
 Hardware stack levels used:    1
 Hardware stack levels required when called:    2
 This function calls:
		_read_key
		i1_delay_100us
 This function is called by:
		_ISR
 This function uses a non-reentrant model


 *************** function i1_delay_100us *****************
 Defined at:
		line 11 in file "func.c"
 Parameters:    Size  Location     Type
  cnt             2    6[COMMON] int 
 Auto vars:     Size  Location     Type
  delay_100us     2   11[COMMON] int 
  delay_100us     2    9[COMMON] int 
 Return value:  Size  Location     Type
                  1    wreg      void 
 Registers used:
		wreg, status,2, status,0, pclath, cstack
 Tracked objects:
		On entry : 
		On exit  : 
		Unchanged: 
 Data sizes:     COMMON   BANK0   BANK1   BANK2   BANK3   BANK4   BANK5   BANK6   BANK7   BANK8   BANK9  BANK10  BANK11  BANK12
      Params:         2       0       0       0       0       0       0       0       0       0       0       0       0       0
      Locals:         4       0       0       0       0       0       0       0       0       0       0       0       0       0
      Temps:          1       0       0       0       0       0       0       0       0       0       0       0       0       0
      Totals:         7       0       0       0       0       0       0       0       0       0       0       0       0       0
Total ram usage:        7 bytes
 Hardware stack levels used:    1
 Hardware stack levels required when called:    1
 This function calls:
		i1___wmul
 This function is called by:
		_get_key
		_ISR
 This function uses a non-reentrant model


 *************** function i1___wmul *****************
 Defined at:
		line 15 in file "E:\xCB\sources\common\Umul16.c"
 Parameters:    Size  Location     Type
  multiplier      2    0[COMMON] unsigned int 
  multiplicand    2    2[COMMON] unsigned int 
 Auto vars:     Size  Location     Type
  __wmul          2    4[COMMON] unsigned int 
 Return value:  Size  Location     Type
                  2    0[COMMON] unsigned int 
 Registers used:
		wreg, status,2, status,0
 Tracked objects:
		On entry : 
		On exit  : 
		Unchanged: 
 Data sizes:     COMMON   BANK0   BANK1   BANK2   BANK3   BANK4   BANK5   BANK6   BANK7   BANK8   BANK9  BANK10  BANK11  BANK12
      Params:         4       0       0       0       0       0       0       0       0       0       0       0       0       0
      Locals:         2       0       0       0       0       0       0       0       0       0       0       0       0       0
      Temps:          0       0       0       0       0       0       0       0       0       0       0       0       0       0
      Totals:         6       0       0       0       0       0       0       0       0       0       0       0       0       0
Total ram usage:        6 bytes
 Hardware stack levels used:    1
 This function calls:
		Nothing
 This function is called by:
		i1_delay_100us
 This function uses a non-reentrant model


 *************** function _read_key *****************
 Defined at:
		line 364 in file "func.c"
 Parameters:    Size  Location     Type
		None
 Auto vars:     Size  Location     Type
		None
 Return value:  Size  Location     Type
                  1    wreg      unsigned char 
 Registers used:
		wreg
 Tracked objects:
		On entry : 
		On exit  : 
		Unchanged: 
 Data sizes:     COMMON   BANK0   BANK1   BANK2   BANK3   BANK4   BANK5   BANK6   BANK7   BANK8   BANK9  BANK10  BANK11  BANK12
      Params:         0       0       0       0       0       0       0       0       0       0       0       0       0       0
      Locals:         0       0       0       0       0       0       0       0       0       0       0       0       0       0
      Temps:          0       0       0       0       0       0       0       0       0       0       0       0       0       0
      Totals:         0       0       0       0       0       0       0       0       0       0       0       0       0       0
Total ram usage:        0 bytes
 Hardware stack levels used:    1
 This function calls:
		Nothing
 This function is called by:
		_get_key
 This function uses a non-reentrant model



MODULE INFORMATION

Module		Function		Class		Link	Load	Size
wayout.c
		_init_wayout   		CODE           	0A14	0000	229
		_wayout        		CODE           	0394	0000	767
		_choose        		CODE           	0881	0000	196
		_draw_wayout_right		CODE           	0692	0000	361
		_choose_level2 		CODE           	0AF8	0000	244
		_check_if_complete		CODE           	11E4	0000	51
		_change_near   		CODE           	16D2	0000	143
		_if_in_table   		CODE           	1FE0	0000	33
		_wayout_display1		CODE           	1216	0000	53
		_wayout_display2		CODE           	124A	0000	53

wayout.c estimated size: 2130

func.c
		_init_environment		CODE           	1F74	0000	27
		_get_X_Addr    		CODE           	11B8	0000	45
		_Write_Com     		CODE           	1F34	0000	16
		_get_Y_Addr    		CODE           	1300	0000	70
		_Clear_Screen  		CODE           	151A	0000	94
		_set_point     		CODE           	1760	0000	161
		_check_Pos     		CODE           	1F26	0000	15
		_delay_100us   		CODE           	10F5	0000	38
		_start_video   		CODE           	1166	0000	41
		_init_cfg      		CODE           	15DE	0000	112
		_run_game      		CODE           	164D	0000	134
		_Write_Data    		CODE           	1F43	0000	16
		_set_menu      		CODE           	111A	0000	38
		_read_key      		CODE           	113F	0000	40
		_Display_Char  		CODE           	12BE	0000	67
		_get_key       		CODE           	118E	0000	43
		_Display_Chars 		CODE           	146C	0000	87
		_int2string    		CODE           	13D1	0000	74
		_readFromTable 		CODE           	14C2	0000	89

func.c estimated size: 1207

E:\xCB\sources\common\Umul16.c
		___wmul        		CODE           	1FC4	0000	29

E:\xCB\sources\common\Umul16.c estimated size: 29

E:\xCB\sources\common\awdiv.c
		___awdiv       		CODE           	141A	0000	83

E:\xCB\sources\common\awdiv.c estimated size: 83

heibaiqi.c
		_draw_heibaiqi_right		CODE           	0944	0000	209
		_check_point   		CODE           	0BEB	0000	264
		_judge_result  		CODE           	1577	0000	104
		_choose_point  		CODE           	0E72	0000	399
		_init_heibaiqi 		CODE           	0809	0000	121
		_heibaiqi      		CODE           	0086	0000	783

heibaiqi.c estimated size: 1880

E:\xCB\sources\common\Umul8.c
		___bmul        		CODE           	1F62	0000	19

E:\xCB\sources\common\Umul8.c estimated size: 19

E:\xCB\sources\common\memset.c
		_memset        		CODE           	1FA9	0000	28

E:\xCB\sources\common\memset.c estimated size: 28

shared
		i1___wmul      		CODE           	1F8E	0000	28
		__initialization		CODE           	0024	0000	95
		i1_delay_100us 		CODE           	10D3	0000	35

shared estimated size: 158

E:\xCB\sources\common\awmod.c
		___awmod       		CODE           	1345	0000	71

E:\xCB\sources\common\awmod.c estimated size: 71

main.c
		_ISR           		CODE           	0004	0000	31
		_main          		CODE           	1F52	0000	17

main.c estimated size: 48

